Archive member included to satisfy reference by file (symbol)

/home/mpiuser/RIOT/examples/arduino_custom/bin/arduino-uno/application_arduino_custom.a(_sketches.o)
                              /opt/arduino/hardware/tools/avr/bin/../lib/gcc/avr/5.4.0/../../../../avr/lib/avr5/crtatmega328p.o (main)
/home/mpiuser/RIOT/examples/arduino_custom/bin/arduino-uno/arduino.a(base.o)
                              /home/mpiuser/RIOT/examples/arduino_custom/bin/arduino-uno/application_arduino_custom.a(_sketches.o) (_Z7pinModeii)
/home/mpiuser/RIOT/examples/arduino_custom/bin/arduino-uno/arduino.a(serialport.o)
                              /home/mpiuser/RIOT/examples/arduino_custom/bin/arduino-uno/application_arduino_custom.a(_sketches.o) (_ZN10SerialPortC1Ej)
/home/mpiuser/RIOT/examples/arduino_custom/bin/arduino-uno/atmega_common.a(irq_arch.o)
                              /home/mpiuser/RIOT/examples/arduino_custom/bin/arduino-uno/arduino.a(serialport.o) (irq_disable)
/home/mpiuser/RIOT/examples/arduino_custom/bin/arduino-uno/atmega_common_periph.a(uart.o)
                              /home/mpiuser/RIOT/examples/arduino_custom/bin/arduino-uno/arduino.a(serialport.o) (uart_init)
/home/mpiuser/RIOT/examples/arduino_custom/bin/arduino-uno/atmega_common_periph.a(gpio.o)
                              /home/mpiuser/RIOT/examples/arduino_custom/bin/arduino-uno/arduino.a(base.o) (gpio_init)
/home/mpiuser/RIOT/examples/arduino_custom/bin/arduino-uno/atmega_common_periph.a(timer.o)
                              /home/mpiuser/RIOT/examples/arduino_custom/bin/arduino-uno/arduino.a(base.o) (timer_read)
/home/mpiuser/RIOT/examples/arduino_custom/bin/arduino-uno/boards_common_atmega.a(board.o)
                              /home/mpiuser/RIOT/examples/arduino_custom/bin/arduino-uno/atmega_common/startup.o (board_init)
/home/mpiuser/RIOT/examples/arduino_custom/bin/arduino-uno/core.a(panic.o)
                              /home/mpiuser/RIOT/examples/arduino_custom/bin/arduino-uno/arduino.a(base.o) (core_panic)
/home/mpiuser/RIOT/examples/arduino_custom/bin/arduino-uno/core.a(sched.o)
                              /home/mpiuser/RIOT/examples/arduino_custom/bin/arduino-uno/atmega_common_periph.a(uart.o) (sched_context_switch_request)
/home/mpiuser/RIOT/examples/arduino_custom/bin/arduino-uno/core.a(ringbuffer.o)
                              /home/mpiuser/RIOT/examples/arduino_custom/bin/arduino-uno/arduino.a(serialport.o) (ringbuffer_add_one)
/home/mpiuser/RIOT/examples/arduino_custom/bin/arduino-uno/core.a(kernel_init.o)
                              /home/mpiuser/RIOT/examples/arduino_custom/bin/arduino-uno/atmega_common/startup.o (kernel_init)
/home/mpiuser/RIOT/examples/arduino_custom/bin/arduino-uno/core.a(thread.o)
                              /home/mpiuser/RIOT/examples/arduino_custom/bin/arduino-uno/atmega_common_periph.a(uart.o) (thread_yield)
/home/mpiuser/RIOT/examples/arduino_custom/bin/arduino-uno/xtimer.a(xtimer_core.o)
                              /home/mpiuser/RIOT/examples/arduino_custom/bin/arduino-uno/arduino.a(base.o) (_xtimer_high_cnt)
/home/mpiuser/RIOT/examples/arduino_custom/bin/arduino-uno/xtimer.a(xtimer.o)
                              /home/mpiuser/RIOT/examples/arduino_custom/bin/arduino-uno/arduino.a(base.o) (_xtimer_tsleep)
/home/mpiuser/RIOT/examples/arduino_custom/bin/arduino-uno/periph_common.a(pm.o)
                              /home/mpiuser/RIOT/examples/arduino_custom/bin/arduino-uno/core.a(panic.o) (pm_off)
/home/mpiuser/RIOT/examples/arduino_custom/bin/arduino-uno/atmega_common.a(cpu.o)
                              /home/mpiuser/RIOT/examples/arduino_custom/bin/arduino-uno/boards_common_atmega.a(board.o) (cpu_init)
/home/mpiuser/RIOT/examples/arduino_custom/bin/arduino-uno/atmega_common.a(thread_arch.o)
                              /home/mpiuser/RIOT/examples/arduino_custom/bin/arduino-uno/core.a(thread.o) (thread_stack_init)
/home/mpiuser/RIOT/examples/arduino_custom/bin/arduino-uno/auto_init.a(auto_init.o)
                              /home/mpiuser/RIOT/examples/arduino_custom/bin/arduino-uno/core.a(kernel_init.o) (auto_init)
/home/mpiuser/RIOT/examples/arduino_custom/bin/arduino-uno/avr_libc_extra.a(atmega_stdio.o)
                              /home/mpiuser/RIOT/examples/arduino_custom/bin/arduino-uno/boards_common_atmega.a(board.o) (atmega_stdio_init)
/home/mpiuser/RIOT/examples/arduino_custom/bin/arduino-uno/boards_common_arduino-atmega.a(led_init.o)
                              /home/mpiuser/RIOT/examples/arduino_custom/bin/arduino-uno/boards_common_atmega.a(board.o) (led_init)
/home/mpiuser/RIOT/examples/arduino_custom/bin/arduino-uno/core.a(mutex.o)
                              /home/mpiuser/RIOT/examples/arduino_custom/bin/arduino-uno/xtimer.a(xtimer.o) (_mutex_lock)
/home/mpiuser/RIOT/examples/arduino_custom/bin/arduino-uno/core.a(msg.o)
                              /home/mpiuser/RIOT/examples/arduino_custom/bin/arduino-uno/xtimer.a(xtimer.o) (msg_send_int)
[...]
Memory Configuration

Name             Origin             Length             Attributes
text             0x0000000000000000 0x0000000000007e00 xr
data             0x0000000000800060 0x0000000000000800 rw !x
eeprom           0x0000000000810000 0x0000000000010000 rw !x
fuse             0x0000000000820000 0x0000000000000003 rw !x
lock             0x0000000000830000 0x0000000000000400 rw !x
signature        0x0000000000840000 0x0000000000000400 rw !x
user_signatures  0x0000000000850000 0x0000000000000400 rw !x
*default*        0x0000000000000000 0xffffffffffffffff

Linker script and memory map

Address of section .data set to 0x800100
LOAD /opt/arduino/hardware/tools/avr/bin/../lib/gcc/avr/5.4.0/../../../../avr/lib/avr5/crtatmega328p.o
LOAD /home/mpiuser/RIOT/examples/arduino_custom/bin/arduino-uno/atmega_common/startup.o
START GROUP
LOAD /home/mpiuser/RIOT/examples/arduino_custom/bin/arduino-uno/application_arduino_custom.a
LOAD /home/mpiuser/RIOT/examples/arduino_custom/bin/arduino-uno/arduino.a
LOAD /home/mpiuser/RIOT/examples/arduino_custom/bin/arduino-uno/atmega_common.a
LOAD /home/mpiuser/RIOT/examples/arduino_custom/bin/arduino-uno/atmega_common_periph.a
LOAD /home/mpiuser/RIOT/examples/arduino_custom/bin/arduino-uno/auto_init.a
LOAD /home/mpiuser/RIOT/examples/arduino_custom/bin/arduino-uno/avr_libc_extra.a
LOAD /home/mpiuser/RIOT/examples/arduino_custom/bin/arduino-uno/board.a
LOAD /home/mpiuser/RIOT/examples/arduino_custom/bin/arduino-uno/boards_common_arduino-atmega.a
LOAD /home/mpiuser/RIOT/examples/arduino_custom/bin/arduino-uno/boards_common_atmega.a
LOAD /home/mpiuser/RIOT/examples/arduino_custom/bin/arduino-uno/core.a
LOAD /home/mpiuser/RIOT/examples/arduino_custom/bin/arduino-uno/cpu.a
LOAD /home/mpiuser/RIOT/examples/arduino_custom/bin/arduino-uno/div.a
LOAD /home/mpiuser/RIOT/examples/arduino_custom/bin/arduino-uno/isrpipe.a
LOAD /home/mpiuser/RIOT/examples/arduino_custom/bin/arduino-uno/stdio_uart.a
LOAD /home/mpiuser/RIOT/examples/arduino_custom/bin/arduino-uno/sys.a
LOAD /home/mpiuser/RIOT/examples/arduino_custom/bin/arduino-uno/tsrb.a
LOAD /home/mpiuser/RIOT/examples/arduino_custom/bin/arduino-uno/xtimer.a
LOAD /home/mpiuser/RIOT/examples/arduino_custom/bin/arduino-uno/periph_common.a
LOAD /opt/arduino/hardware/tools/avr/bin/../lib/gcc/avr/5.4.0/../../../../avr/lib/avr5/libm.a
END GROUP
LOAD /opt/arduino/hardware/tools/avr/bin/../lib/gcc/avr/5.4.0/avr5/libgcc.a
                0x0000000000007e00                __TEXT_REGION_LENGTH__ = 0x7e00
                0x0000000000000800                __DATA_REGION_LENGTH__ = 0x800
START GROUP
LOAD /opt/arduino/hardware/tools/avr/bin/../lib/gcc/avr/5.4.0/avr5/libgcc.a
LOAD /opt/arduino/hardware/tools/avr/bin/../lib/gcc/avr/5.4.0/../../../../avr/lib/avr5/libm.a
LOAD /opt/arduino/hardware/tools/avr/bin/../lib/gcc/avr/5.4.0/../../../../avr/lib/avr5/libc.a
LOAD /opt/arduino/hardware/tools/avr/bin/../lib/gcc/avr/5.4.0/../../../../avr/lib/avr5/libatmega328p.a
END GROUP
                0x0000000000020000                __TEXT_REGION_LENGTH__ = DEFINED (__TEXT_REGION_LENGTH__)?__TEXT_REGION_LENGTH__:0x20000
                0x000000000000ffa0                __DATA_REGION_LENGTH__ = DEFINED (__DATA_REGION_LENGTH__)?__DATA_REGION_LENGTH__:0xffa0
                0x0000000000010000                __EEPROM_REGION_LENGTH__ = DEFINED (__EEPROM_REGION_LENGTH__)?__EEPROM_REGION_LENGTH__:0x10000
                [0x0000000000000003]                __FUSE_REGION_LENGTH__ = DEFINED (__FUSE_REGION_LENGTH__)?__FUSE_REGION_LENGTH__:0x400
                0x0000000000000400                __LOCK_REGION_LENGTH__ = DEFINED (__LOCK_REGION_LENGTH__)?__LOCK_REGION_LENGTH__:0x400
                0x0000000000000400                __SIGNATURE_REGION_LENGTH__ = DEFINED (__SIGNATURE_REGION_LENGTH__)?__SIGNATURE_REGION_LENGTH__:0x400
                0x0000000000000400                __USER_SIGNATURE_REGION_LENGTH__ = DEFINED (__USER_SIGNATURE_REGION_LENGTH__)?__USER_SIGNATURE_REGION_LENGTH__:0x400

.hash
 *(.hash)

.dynsym
 *(.dynsym)

.dynstr
 *(.dynstr)

.gnu.version
 *(.gnu.version)

.gnu.version_d
 *(.gnu.version_d)

.gnu.version_r
 *(.gnu.version_r)

.rel.init
 *(.rel.init)

.rela.init
 *(.rela.init)

.rel.text
 *(.rel.text)
 *(.rel.text.*)
 *(.rel.gnu.linkonce.t*)

.rela.text
 *(.rela.text)
 *(.rela.text.*)
 *(.rela.gnu.linkonce.t*)

.rel.fini
 *(.rel.fini)

.rela.fini
 *(.rela.fini)

.rel.rodata
 *(.rel.rodata)
 *(.rel.rodata.*)
 *(.rel.gnu.linkonce.r*)

.rela.rodata
 *(.rela.rodata)
 *(.rela.rodata.*)
 *(.rela.gnu.linkonce.r*)

.rel.data
 *(.rel.data)
 *(.rel.data.*)
 *(.rel.gnu.linkonce.d*)

.rela.data
 *(.rela.data)
 *(.rela.data.*)
 *(.rela.gnu.linkonce.d*)

.rel.ctors
 *(.rel.ctors)

.rela.ctors
 *(.rela.ctors)

.rel.dtors
 *(.rel.dtors)

.rela.dtors
 *(.rela.dtors)

.rel.got
 *(.rel.got)

.rela.got
 *(.rela.got)

.rel.bss
 *(.rel.bss)

.rela.bss
 *(.rela.bss)

.rel.plt
 *(.rel.plt)

.rela.plt
 *(.rela.plt)

.text           0x0000000000000000     0x2420
 *(.vectors)
 .vectors       0x0000000000000000       0x68 /opt/arduino/hardware/tools/avr/bin/../lib/gcc/avr/5.4.0/../../../../avr/lib/avr5/crtatmega328p.o
                0x0000000000000000                __vectors
 *(.vectors)
 *(.progmem.gcc*)
                0x0000000000000068                . = ALIGN (0x2)
                0x0000000000000068                __trampolines_start = .
 *(.trampolines)
 .trampolines   0x0000000000000068        0x0 linker stubs
 *(.trampolines*)
                0x0000000000000068                __trampolines_end = .
 *libprintf_flt.a:*(.progmem.data)
 *libc.a:*(.progmem.data)
 *(.progmem*)
 .progmem.data.__c.1989
                0x0000000000000068       0x49 /home/mpiuser/RIOT/examples/arduino_custom/bin/arduino-uno/atmega_common.a(cpu.o)
                0x00000000000000b2                . = ALIGN (0x2)
 *fill*         0x00000000000000b1        0x1 
 *(.jumptables)
 *(.jumptables*)
 *(.lowtext)
 *(.lowtext*)
                0x00000000000000b2                __ctors_start = .
 *(.ctors)
 .ctors         0x00000000000000b2        0x2 /home/mpiuser/RIOT/examples/arduino_custom/bin/arduino-uno/application_arduino_custom.a(_sketches.o)
 .ctors         0x00000000000000b4        0x2 /home/mpiuser/RIOT/examples/arduino_custom/bin/arduino-uno/arduino.a(base.o)
                0x00000000000000b6                __ctors_end = .
                0x00000000000000b6                __dtors_start = .
 *(.dtors)
                0x00000000000000b6                __dtors_end = .
 SORT(*)(.ctors)
 SORT(*)(.dtors)
 *(.init0)
 .init0         0x00000000000000b6        0x0 /opt/arduino/hardware/tools/avr/bin/../lib/gcc/avr/5.4.0/../../../../avr/lib/avr5/crtatmega328p.o
                0x00000000000000b6                __init
 .init0         0x00000000000000b6       0x24 /home/mpiuser/RIOT/examples/arduino_custom/bin/arduino-uno/atmega_common.a(cpu.o)
                0x00000000000000b6                get_mcusr
 *(.init0)
 *(.init1)
 *(.init1)
 *(.init2)
 .init2         0x00000000000000da        0xc /opt/arduino/hardware/tools/avr/bin/../lib/gcc/avr/5.4.0/../../../../avr/lib/avr5/crtatmega328p.o
 *(.init2)
 *(.init3)
 *(.init3)
 *(.init4)
 .init4         0x00000000000000e6       0x16 /opt/arduino/hardware/tools/avr/bin/../lib/gcc/avr/5.4.0/avr5/libgcc.a(_copy_data.o)
                0x00000000000000e6                __do_copy_data
 .init4         0x00000000000000fc       0x10 /opt/arduino/hardware/tools/avr/bin/../lib/gcc/avr/5.4.0/avr5/libgcc.a(_clear_bss.o)
                0x00000000000000fc                __do_clear_bss
 *(.init4)
 *(.init5)
 *(.init5)
 *(.init6)
 .init6         0x000000000000010c       0x16 /opt/arduino/hardware/tools/avr/bin/../lib/gcc/avr/5.4.0/avr5/libgcc.a(_ctors.o)
                0x000000000000010c                __do_global_ctors
 *(.init6)
 *(.init7)
 .init7         0x0000000000000122        0x4 /home/mpiuser/RIOT/examples/arduino_custom/bin/arduino-uno/atmega_common/startup.o
                0x0000000000000122                init7_ovr
 *(.init7)
 *(.init8)
 .init8         0x0000000000000126        0x4 /home/mpiuser/RIOT/examples/arduino_custom/bin/arduino-uno/atmega_common/startup.o
                0x0000000000000126                init8_ovr
 *(.init8)
 *(.init9)
 .init9         0x000000000000012a        0x8 /opt/arduino/hardware/tools/avr/bin/../lib/gcc/avr/5.4.0/../../../../avr/lib/avr5/crtatmega328p.o
 *(.init9)
 *(.text)
 .text          0x0000000000000132        0x4 /opt/arduino/hardware/tools/avr/bin/../lib/gcc/avr/5.4.0/../../../../avr/lib/avr5/crtatmega328p.o
                0x0000000000000132                __vector_22
                0x0000000000000132                __vector_1
                0x0000000000000132                __vector_24
                0x0000000000000132                __bad_interrupt
                0x0000000000000132                __vector_6
                0x0000000000000132                __vector_3
                0x0000000000000132                __vector_23
                0x0000000000000132                __vector_25
                0x0000000000000132                __vector_13
                0x0000000000000132                __vector_17
                0x0000000000000132                __vector_19
                0x0000000000000132                __vector_7
                0x0000000000000132                __vector_5
                0x0000000000000132                __vector_4
                0x0000000000000132                __vector_9
                0x0000000000000132                __vector_2
                0x0000000000000132                __vector_21
                0x0000000000000132                __vector_15
                0x0000000000000132                __vector_8
                0x0000000000000132                __vector_14
                0x0000000000000132                __vector_10
                0x0000000000000132                __vector_16
                0x0000000000000132                __vector_20
                0x0000000000000136                . = ALIGN (0x2)
 *(.text.*)
 .text.reset_handler
                0x0000000000000136        0x8 /home/mpiuser/RIOT/examples/arduino_custom/bin/arduino-uno/atmega_common/startup.o
                0x0000000000000136                reset_handler
 .text._Z5setupv
                0x000000000000013e       0x30 /home/mpiuser/RIOT/examples/arduino_custom/bin/arduino-uno/application_arduino_custom.a(_sketches.o)
                0x000000000000013e                _Z5setupv
 .text._Z4loopv
                0x000000000000016e       0x76 /home/mpiuser/RIOT/examples/arduino_custom/bin/arduino-uno/application_arduino_custom.a(_sketches.o)
                0x000000000000016e                _Z4loopv
 .text.startup.main
                0x00000000000001e4        0xa /home/mpiuser/RIOT/examples/arduino_custom/bin/arduino-uno/application_arduino_custom.a(_sketches.o)
                0x00000000000001e4                main
 .text.startup._GLOBAL__sub_I_ledPin
                0x00000000000001ee        0xc /home/mpiuser/RIOT/examples/arduino_custom/bin/arduino-uno/application_arduino_custom.a(_sketches.o)
 .text._Z7pinModeii
                0x00000000000001fa       0x22 /home/mpiuser/RIOT/examples/arduino_custom/bin/arduino-uno/arduino.a(base.o)
                0x00000000000001fa                _Z7pinModeii
 .text._Z12digitalWriteii
                0x000000000000021c        0xc /home/mpiuser/RIOT/examples/arduino_custom/bin/arduino-uno/arduino.a(base.o)
                0x000000000000021c                _Z12digitalWriteii
 .text._Z11digitalReadi
                0x0000000000000228       0x1c /home/mpiuser/RIOT/examples/arduino_custom/bin/arduino-uno/arduino.a(base.o)
                0x0000000000000228                _Z11digitalReadi
 .text._Z5delaym
                0x0000000000000244       0x24 /home/mpiuser/RIOT/examples/arduino_custom/bin/arduino-uno/arduino.a(base.o)
                0x0000000000000244                _Z5delaym
 .text.startup._GLOBAL__sub_I__Z7pinModeii
                0x0000000000000268        0xc /home/mpiuser/RIOT/examples/arduino_custom/bin/arduino-uno/arduino.a(base.o)
 .text._Z5rx_cbPvh
                0x0000000000000274        0x4 /home/mpiuser/RIOT/examples/arduino_custom/bin/arduino-uno/arduino.a(serialport.o)
                0x0000000000000274                _Z5rx_cbPvh
 .text._ZN10SerialPortC2Ej
                0x0000000000000278        0x8 /home/mpiuser/RIOT/examples/arduino_custom/bin/arduino-uno/arduino.a(serialport.o)
                0x0000000000000278                _ZN10SerialPortC2Ej
                0x0000000000000278                _ZN10SerialPortC1Ej
 .text._ZN10SerialPort5beginEl
                0x0000000000000280       0x3a /home/mpiuser/RIOT/examples/arduino_custom/bin/arduino-uno/arduino.a(serialport.o)
                0x0000000000000280                _ZN10SerialPort5beginEl
 .text._ZN10SerialPort5writeEPKc
                0x00000000000002ba       0x2e /home/mpiuser/RIOT/examples/arduino_custom/bin/arduino-uno/arduino.a(serialport.o)
                0x00000000000002ba                _ZN10SerialPort5writeEPKc
 .text._ZN10SerialPort7printlnEPKc
                0x00000000000002e8       0x28 /home/mpiuser/RIOT/examples/arduino_custom/bin/arduino-uno/arduino.a(serialport.o)
                0x00000000000002e8                _ZN10SerialPort7printlnEPKc
 .text.irq_disable
                0x0000000000000310        0xc /home/mpiuser/RIOT/examples/arduino_custom/bin/arduino-uno/atmega_common.a(irq_arch.o)
                0x0000000000000310                irq_disable
 .text.irq_enable
                0x000000000000031c        0xc /home/mpiuser/RIOT/examples/arduino_custom/bin/arduino-uno/atmega_common.a(irq_arch.o)
                0x000000000000031c                irq_enable
 .text.irq_restore
                0x0000000000000328       0x14 /home/mpiuser/RIOT/examples/arduino_custom/bin/arduino-uno/atmega_common.a(irq_arch.o)
                0x0000000000000328                irq_restore
 .text.irq_is_in
                0x000000000000033c        0x8 /home/mpiuser/RIOT/examples/arduino_custom/bin/arduino-uno/atmega_common.a(irq_arch.o)
                0x000000000000033c                irq_is_in
 .text.uart_init
                0x0000000000000344       0x8e /home/mpiuser/RIOT/examples/arduino_custom/bin/arduino-uno/atmega_common_periph.a(uart.o)
                0x0000000000000344                uart_init
 .text.uart_write
                0x00000000000003d2       0x1e /home/mpiuser/RIOT/examples/arduino_custom/bin/arduino-uno/atmega_common_periph.a(uart.o)
                0x00000000000003d2                uart_write
 .text.__vector_18
                0x00000000000003f0       0x7c /home/mpiuser/RIOT/examples/arduino_custom/bin/arduino-uno/atmega_common_periph.a(uart.o)
                0x00000000000003f0                __vector_18
 .text.gpio_init
                0x000000000000046c       0x72 /home/mpiuser/RIOT/examples/arduino_custom/bin/arduino-uno/atmega_common_periph.a(gpio.o)
                0x000000000000046c                gpio_init
 .text.gpio_read
                0x00000000000004de       0x2c /home/mpiuser/RIOT/examples/arduino_custom/bin/arduino-uno/atmega_common_periph.a(gpio.o)
                0x00000000000004de                gpio_read
 .text.gpio_set
                0x000000000000050a       0x26 /home/mpiuser/RIOT/examples/arduino_custom/bin/arduino-uno/atmega_common_periph.a(gpio.o)
                0x000000000000050a                gpio_set
 .text.gpio_clear
                0x0000000000000530       0x2c /home/mpiuser/RIOT/examples/arduino_custom/bin/arduino-uno/atmega_common_periph.a(gpio.o)
                0x0000000000000530                gpio_clear
 .text.gpio_write
                0x000000000000055c        0xc /home/mpiuser/RIOT/examples/arduino_custom/bin/arduino-uno/atmega_common_periph.a(gpio.o)
                0x000000000000055c                gpio_write
 .text._isr.constprop.0
                0x0000000000000568       0x5a /home/mpiuser/RIOT/examples/arduino_custom/bin/arduino-uno/atmega_common_periph.a(timer.o)
 .text.timer_init
                0x00000000000005c2       0x96 /home/mpiuser/RIOT/examples/arduino_custom/bin/arduino-uno/atmega_common_periph.a(timer.o)
                0x00000000000005c2                timer_init
 .text.timer_set_absolute
                0x0000000000000658       0x62 /home/mpiuser/RIOT/examples/arduino_custom/bin/arduino-uno/atmega_common_periph.a(timer.o)
                0x0000000000000658                timer_set_absolute
 .text.timer_read
                0x00000000000006ba       0x20 /home/mpiuser/RIOT/examples/arduino_custom/bin/arduino-uno/atmega_common_periph.a(timer.o)
                0x00000000000006ba                timer_read
 .text.__vector_11
                0x00000000000006da       0x4c /home/mpiuser/RIOT/examples/arduino_custom/bin/arduino-uno/atmega_common_periph.a(timer.o)
                0x00000000000006da                __vector_11
 .text.__vector_12
                0x0000000000000726       0x4c /home/mpiuser/RIOT/examples/arduino_custom/bin/arduino-uno/atmega_common_periph.a(timer.o)
                0x0000000000000726                __vector_12
 .text.board_init
                0x0000000000000772       0x1a /home/mpiuser/RIOT/examples/arduino_custom/bin/arduino-uno/boards_common_atmega.a(board.o)
                0x0000000000000772                board_init
 .text.panic_arch
                0x000000000000078c        0x2 /home/mpiuser/RIOT/examples/arduino_custom/bin/arduino-uno/core.a(panic.o)
                0x000000000000078c                panic_arch
 .text.core_panic
                0x000000000000078e       0x76 /home/mpiuser/RIOT/examples/arduino_custom/bin/arduino-uno/core.a(panic.o)
                0x000000000000078e                core_panic
 .text.sched_run
                0x0000000000000804       0x7e /home/mpiuser/RIOT/examples/arduino_custom/bin/arduino-uno/core.a(sched.o)
                0x0000000000000804                sched_run
 .text.sched_set_status
                0x0000000000000882      0x122 /home/mpiuser/RIOT/examples/arduino_custom/bin/arduino-uno/core.a(sched.o)
                0x0000000000000882                sched_set_status
 .text.sched_switch
                0x00000000000009a4       0x34 /home/mpiuser/RIOT/examples/arduino_custom/bin/arduino-uno/core.a(sched.o)
                0x00000000000009a4                sched_switch
 .text.sched_task_exit
                0x00000000000009d8       0x44 /home/mpiuser/RIOT/examples/arduino_custom/bin/arduino-uno/core.a(sched.o)
                0x00000000000009d8                sched_task_exit
 .text.ringbuffer_add_one
                0x0000000000000a1c       0x76 /home/mpiuser/RIOT/examples/arduino_custom/bin/arduino-uno/core.a(ringbuffer.o)
                0x0000000000000a1c                ringbuffer_add_one
 .text.main_trampoline
                0x0000000000000a92       0x1e /home/mpiuser/RIOT/examples/arduino_custom/bin/arduino-uno/core.a(kernel_init.o)
 .text.idle_thread
                0x0000000000000ab0        0x6 /home/mpiuser/RIOT/examples/arduino_custom/bin/arduino-uno/core.a(kernel_init.o)
 .text.kernel_init
                0x0000000000000ab6       0x48 /home/mpiuser/RIOT/examples/arduino_custom/bin/arduino-uno/core.a(kernel_init.o)
                0x0000000000000ab6                kernel_init
 .text.thread_yield
                0x0000000000000afe       0x36 /home/mpiuser/RIOT/examples/arduino_custom/bin/arduino-uno/core.a(thread.o)
                0x0000000000000afe                thread_yield
 .text.thread_add_to_list
                0x0000000000000b34       0x42 /home/mpiuser/RIOT/examples/arduino_custom/bin/arduino-uno/core.a(thread.o)
                0x0000000000000b34                thread_add_to_list
 .text.thread_create
                0x0000000000000b76      0x17e /home/mpiuser/RIOT/examples/arduino_custom/bin/arduino-uno/core.a(thread.o)
                0x0000000000000b76                thread_create
 .text._xtimer_now
                0x0000000000000cf4       0x58 /home/mpiuser/RIOT/examples/arduino_custom/bin/arduino-uno/xtimer.a(xtimer_core.o)
 .text._xtimer_now_internal
                0x0000000000000d4c       0x6e /home/mpiuser/RIOT/examples/arduino_custom/bin/arduino-uno/xtimer.a(xtimer_core.o)
 .text._lltimer_set
                0x0000000000000dba       0x1c /home/mpiuser/RIOT/examples/arduino_custom/bin/arduino-uno/xtimer.a(xtimer_core.o)
 .text._add_timer_to_long_list.constprop.3
                0x0000000000000dd6       0x7e /home/mpiuser/RIOT/examples/arduino_custom/bin/arduino-uno/xtimer.a(xtimer_core.o)
 .text._next_period
                0x0000000000000e54      0x1a6 /home/mpiuser/RIOT/examples/arduino_custom/bin/arduino-uno/xtimer.a(xtimer_core.o)
 .text._periph_timer_callback
                0x0000000000000ffa      0x204 /home/mpiuser/RIOT/examples/arduino_custom/bin/arduino-uno/xtimer.a(xtimer_core.o)
 .text._remove  0x00000000000011fe       0x96 /home/mpiuser/RIOT/examples/arduino_custom/bin/arduino-uno/xtimer.a(xtimer_core.o)
 .text.xtimer_init
                0x0000000000001294       0x2a /home/mpiuser/RIOT/examples/arduino_custom/bin/arduino-uno/xtimer.a(xtimer_core.o)
                0x0000000000001294                xtimer_init
 .text._xtimer_set_absolute
                0x00000000000012be      0x1e8 /home/mpiuser/RIOT/examples/arduino_custom/bin/arduino-uno/xtimer.a(xtimer_core.o)
                0x00000000000012be                _xtimer_set_absolute
 .text.xtimer_remove
                0x00000000000014a6       0x46 /home/mpiuser/RIOT/examples/arduino_custom/bin/arduino-uno/xtimer.a(xtimer_core.o)
                0x00000000000014a6                xtimer_remove
 .text._xtimer_set
                0x00000000000014ec       0xc4 /home/mpiuser/RIOT/examples/arduino_custom/bin/arduino-uno/xtimer.a(xtimer_core.o)
                0x00000000000014ec                _xtimer_set
 .text._xtimer_set64
                0x00000000000015b0       0xf8 /home/mpiuser/RIOT/examples/arduino_custom/bin/arduino-uno/xtimer.a(xtimer_core.o)
                0x00000000000015b0                _xtimer_set64
 .text._callback_unlock_mutex
                0x00000000000016a8        0x4 /home/mpiuser/RIOT/examples/arduino_custom/bin/arduino-uno/xtimer.a(xtimer.o)
 .text._xtimer_spin
                0x00000000000016ac       0x5a /home/mpiuser/RIOT/examples/arduino_custom/bin/arduino-uno/xtimer.a(xtimer.o)
 .text._xtimer_tsleep
                0x0000000000001706       0xce /home/mpiuser/RIOT/examples/arduino_custom/bin/arduino-uno/xtimer.a(xtimer.o)
                0x0000000000001706                _xtimer_tsleep
 .text.pm_off   0x00000000000017d4        0x6 /home/mpiuser/RIOT/examples/arduino_custom/bin/arduino-uno/periph_common.a(pm.o)
                0x00000000000017d4                pm_off
 .text.pm_set_lowest
                0x00000000000017da        0x2 /home/mpiuser/RIOT/examples/arduino_custom/bin/arduino-uno/periph_common.a(pm.o)
                0x00000000000017da                pm_set_lowest
 .text.cpu_init
                0x00000000000017dc       0x1c /home/mpiuser/RIOT/examples/arduino_custom/bin/arduino-uno/atmega_common.a(cpu.o)
                0x00000000000017dc                cpu_init
 .text.__vector_default
                0x00000000000017f8       0x16 /home/mpiuser/RIOT/examples/arduino_custom/bin/arduino-uno/atmega_common.a(cpu.o)
                0x00000000000017f8                __vector_default
 .text.__enter_thread_mode
                0x000000000000180e       0x5a /home/mpiuser/RIOT/examples/arduino_custom/bin/arduino-uno/atmega_common.a(thread_arch.o)
 .text.thread_stack_init
                0x0000000000001868       0x5a /home/mpiuser/RIOT/examples/arduino_custom/bin/arduino-uno/atmega_common.a(thread_arch.o)
                0x0000000000001868                thread_stack_init
 .text.cpu_switch_context_exit
                0x00000000000018c2        0x8 /home/mpiuser/RIOT/examples/arduino_custom/bin/arduino-uno/atmega_common.a(thread_arch.o)
                0x00000000000018c2                cpu_switch_context_exit
 .text.thread_yield_higher
                0x00000000000018ca       0xcc /home/mpiuser/RIOT/examples/arduino_custom/bin/arduino-uno/atmega_common.a(thread_arch.o)
                0x00000000000018ca                thread_yield_higher
 .text.thread_yield_isr
                0x0000000000001996       0xb4 /home/mpiuser/RIOT/examples/arduino_custom/bin/arduino-uno/atmega_common.a(thread_arch.o)
                0x0000000000001996                thread_yield_isr
 .text.auto_init
                0x0000000000001a4a        0x4 /home/mpiuser/RIOT/examples/arduino_custom/bin/arduino-uno/auto_init.a(auto_init.o)
                0x0000000000001a4a                auto_init
 .text._uart_getchar
                0x0000000000001a4e       0x26 /home/mpiuser/RIOT/examples/arduino_custom/bin/arduino-uno/avr_libc_extra.a(atmega_stdio.o)
 .text._uart_putchar
                0x0000000000001a74       0x24 /home/mpiuser/RIOT/examples/arduino_custom/bin/arduino-uno/avr_libc_extra.a(atmega_stdio.o)
 .text.atmega_stdio_init
                0x0000000000001a98       0x20 /home/mpiuser/RIOT/examples/arduino_custom/bin/arduino-uno/avr_libc_extra.a(atmega_stdio.o)
                0x0000000000001a98                atmega_stdio_init
 .text.led_init
                0x0000000000001ab8        0xc /home/mpiuser/RIOT/examples/arduino_custom/bin/arduino-uno/boards_common_arduino-atmega.a(led_init.o)
                0x0000000000001ab8                led_init
 .text._mutex_lock
                0x0000000000001ac4       0x8a /home/mpiuser/RIOT/examples/arduino_custom/bin/arduino-uno/core.a(mutex.o)
                0x0000000000001ac4                _mutex_lock
 .text.mutex_unlock
                0x0000000000001b4e       0x82 /home/mpiuser/RIOT/examples/arduino_custom/bin/arduino-uno/core.a(mutex.o)
                0x0000000000001b4e                mutex_unlock
 .text.stdio_init
                0x0000000000001bd0       0x22 /home/mpiuser/RIOT/examples/arduino_custom/bin/arduino-uno/stdio_uart.a(stdio_uart.o)
                0x0000000000001bd0                stdio_init
 .text.stdio_read
                0x0000000000001bf2        0xc /home/mpiuser/RIOT/examples/arduino_custom/bin/arduino-uno/stdio_uart.a(stdio_uart.o)
                0x0000000000001bf2                stdio_read
 .text.stdio_write
                0x0000000000001bfe       0x1a /home/mpiuser/RIOT/examples/arduino_custom/bin/arduino-uno/stdio_uart.a(stdio_uart.o)
                0x0000000000001bfe                stdio_write
 .text.periph_init
                0x0000000000001c18        0x2 /home/mpiuser/RIOT/examples/arduino_custom/bin/arduino-uno/periph_common.a(init.o)
                0x0000000000001c18                periph_init
 .text.isrpipe_write_one
                0x0000000000001c1a       0x24 /home/mpiuser/RIOT/examples/arduino_custom/bin/arduino-uno/isrpipe.a(isrpipe.o)
                0x0000000000001c1a                isrpipe_write_one
 .text.isrpipe_read
                0x0000000000001c3e       0x4a /home/mpiuser/RIOT/examples/arduino_custom/bin/arduino-uno/isrpipe.a(isrpipe.o)
                0x0000000000001c3e                isrpipe_read
 .text._pop     0x0000000000001c88       0x36 /home/mpiuser/RIOT/examples/arduino_custom/bin/arduino-uno/tsrb.a(tsrb.o)
 .text.tsrb_get
                0x0000000000001cbe       0x54 /home/mpiuser/RIOT/examples/arduino_custom/bin/arduino-uno/tsrb.a(tsrb.o)
                0x0000000000001cbe                tsrb_get
 .text.tsrb_add_one
                0x0000000000001d12       0x58 /home/mpiuser/RIOT/examples/arduino_custom/bin/arduino-uno/tsrb.a(tsrb.o)
                0x0000000000001d12                tsrb_add_one
 .text.libgcc.div
                0x0000000000001d6a       0x44 /opt/arduino/hardware/tools/avr/bin/../lib/gcc/avr/5.4.0/avr5/libgcc.a(_udivmodsi4.o)
                0x0000000000001d6a                __udivmodsi4
 .text.libgcc.mul
                0x0000000000001dae       0x16 /opt/arduino/hardware/tools/avr/bin/../lib/gcc/avr/5.4.0/avr5/libgcc.a(_muluhisi3.o)
                0x0000000000001dae                __muluhisi3
 .text.libgcc   0x0000000000001dc4        0xc /opt/arduino/hardware/tools/avr/bin/../lib/gcc/avr/5.4.0/avr5/libgcc.a(_tablejump2.o)
                0x0000000000001dc4                __tablejump2__
 .text.libgcc.mul
                0x0000000000001dd0       0x1e /opt/arduino/hardware/tools/avr/bin/../lib/gcc/avr/5.4.0/avr5/libgcc.a(_umulhisi3.o)
                0x0000000000001dd0                __umulhisi3
 .text.avr-libc
                0x0000000000001dee       0x12 /opt/arduino/hardware/tools/avr/bin/../lib/gcc/avr/5.4.0/../../../../avr/lib/avr5/libc.a(strlen.o)
                0x0000000000001dee                strlen
 .text.avr-libc
                0x0000000000001e00       0x2c /opt/arduino/hardware/tools/avr/bin/../lib/gcc/avr/5.4.0/../../../../avr/lib/avr5/libc.a(printf.o)
                0x0000000000001e00                printf
 .text.avr-libc
                0x0000000000001e2c       0x60 /opt/arduino/hardware/tools/avr/bin/../lib/gcc/avr/5.4.0/../../../../avr/lib/avr5/libc.a(puts.o)
                0x0000000000001e2c                puts
 .text.avr-libc
                0x0000000000001e8c      0x3c2 /opt/arduino/hardware/tools/avr/bin/../lib/gcc/avr/5.4.0/../../../../avr/lib/avr5/libc.a(vfprintf_std.o)
                0x0000000000001e8c                vfprintf
 .text.avr-libc
                0x000000000000224e       0x16 /opt/arduino/hardware/tools/avr/bin/../lib/gcc/avr/5.4.0/../../../../avr/lib/avr5/libc.a(strnlen_P.o)
                0x000000000000224e                strnlen_P
 .text.avr-libc
                0x0000000000002264       0x16 /opt/arduino/hardware/tools/avr/bin/../lib/gcc/avr/5.4.0/../../../../avr/lib/avr5/libc.a(strnlen.o)
                0x0000000000002264                strnlen
 .text.avr-libc
                0x000000000000227a       0x78 /opt/arduino/hardware/tools/avr/bin/../lib/gcc/avr/5.4.0/../../../../avr/lib/avr5/libc.a(fputc.o)
                0x000000000000227a                fputc
 .text.avr-libc
                0x00000000000022f2       0xbc /opt/arduino/hardware/tools/avr/bin/../lib/gcc/avr/5.4.0/../../../../avr/lib/avr5/libc.a(ultoa_invert.o)
                0x00000000000022f2                __ultoa_invert
 .text.libgcc.prologue
                0x00000000000023ae       0x38 /opt/arduino/hardware/tools/avr/bin/../lib/gcc/avr/5.4.0/avr5/libgcc.a(_prologue.o)
                0x00000000000023ae                __prologue_saves__
 .text.libgcc.prologue
                0x00000000000023e6       0x36 /opt/arduino/hardware/tools/avr/bin/../lib/gcc/avr/5.4.0/avr5/libgcc.a(_epilogue.o)
                0x00000000000023e6                __epilogue_restores__
                0x000000000000241c                . = ALIGN (0x2)
 *(.fini9)
 .fini9         0x000000000000241c        0x0 /opt/arduino/hardware/tools/avr/bin/../lib/gcc/avr/5.4.0/avr5/libgcc.a(_exit.o)
                0x000000000000241c                exit
                0x000000000000241c                _exit
 *(.fini9)
 *(.fini8)
 *(.fini8)
 *(.fini7)
 *(.fini7)
 *(.fini6)
 *(.fini6)
 *(.fini5)
 *(.fini5)
 *(.fini4)
 *(.fini4)
 *(.fini3)
 *(.fini3)
 *(.fini2)
 *(.fini2)
 *(.fini1)
 *(.fini1)
 *(.fini0)
 .fini0         0x000000000000241c        0x4 /opt/arduino/hardware/tools/avr/bin/../lib/gcc/avr/5.4.0/avr5/libgcc.a(_exit.o)
 *(.fini0)
                0x0000000000002420                _etext = .

.data           0x0000000000800100      0x110 load address 0x0000000000002420
                0x0000000000800100                PROVIDE (__data_start, .)
 *(.data)
 *(.data*)
 .data.motionPin
                0x0000000000800100        0x2 /home/mpiuser/RIOT/examples/arduino_custom/bin/arduino-uno/application_arduino_custom.a(_sketches.o)
                0x0000000000800100                motionPin
 .data.ledPin   0x0000000000800102        0x2 /home/mpiuser/RIOT/examples/arduino_custom/bin/arduino-uno/application_arduino_custom.a(_sketches.o)
                0x0000000000800102                ledPin
 .data.ctx      0x0000000000800104        0xc /home/mpiuser/RIOT/examples/arduino_custom/bin/arduino-uno/atmega_common_periph.a(timer.o)
 .data.idle_name
                0x0000000000800110        0x2 /home/mpiuser/RIOT/examples/arduino_custom/bin/arduino-uno/core.a(kernel_init.o)
                0x0000000000800110                idle_name
 .data.main_name
                0x0000000000800112        0x2 /home/mpiuser/RIOT/examples/arduino_custom/bin/arduino-uno/core.a(kernel_init.o)
                0x0000000000800112                main_name
 .data._uart_stdin
                0x0000000000800114        0xe /home/mpiuser/RIOT/examples/arduino_custom/bin/arduino-uno/avr_libc_extra.a(atmega_stdio.o)
 .data._uart_stdout
                0x0000000000800122        0xe /home/mpiuser/RIOT/examples/arduino_custom/bin/arduino-uno/avr_libc_extra.a(atmega_stdio.o)
 .data.stdio_uart_isrpipe
                0x0000000000800130        0xa /home/mpiuser/RIOT/examples/arduino_custom/bin/arduino-uno/stdio_uart.a(stdio_uart.o)
                0x0000000000800130                stdio_uart_isrpipe
 *(.gnu.linkonce.d*)
 *(.rodata)
 *(.rodata*)
 .rodata.str1.1
                0x000000000080013a       0x11 /home/mpiuser/RIOT/examples/arduino_custom/bin/arduino-uno/application_arduino_custom.a(_sketches.o)
 .rodata._ZL14arduino_pinmap
                0x000000000080014b       0x14 /home/mpiuser/RIOT/examples/arduino_custom/bin/arduino-uno/arduino.a(base.o)
 .rodata.str1.1
                0x000000000080015f       0x11 /home/mpiuser/RIOT/examples/arduino_custom/bin/arduino-uno/arduino.a(serialport.o)
 .rodata.prescalers
                0x0000000000800170        0x5 /home/mpiuser/RIOT/examples/arduino_custom/bin/arduino-uno/atmega_common_periph.a(timer.o)
 .rodata.str1.1
                0x0000000000800175       0x41 /home/mpiuser/RIOT/examples/arduino_custom/bin/arduino-uno/core.a(panic.o)
 .rodata.assert_crash_message
                0x00000000008001b6       0x12 /home/mpiuser/RIOT/examples/arduino_custom/bin/arduino-uno/core.a(panic.o)
                0x00000000008001b6                assert_crash_message
 .rodata.str1.1
                0x00000000008001c8       0x45 /home/mpiuser/RIOT/examples/arduino_custom/bin/arduino-uno/core.a(kernel_init.o)
 .rodata.str1.1
                0x000000000080020d        0x2 /home/mpiuser/RIOT/examples/arduino_custom/bin/arduino-uno/avr_libc_extra.a(atmega_stdio.o)
 *(.gnu.linkonce.r*)
                0x0000000000800210                . = ALIGN (0x2)
 *fill*         0x000000000080020f        0x1 
                0x0000000000800210                _edata = .
                0x0000000000800210                PROVIDE (__data_end, .)

.bss            0x0000000000800210      0x463
                0x0000000000800210                PROVIDE (__bss_start, .)
 *(.bss)
 *(.bss*)
 .bss.motionPrev
                0x0000000000800210        0x2 /home/mpiuser/RIOT/examples/arduino_custom/bin/arduino-uno/application_arduino_custom.a(_sketches.o)
                0x0000000000800210                motionPrev
 .bss.motion    0x0000000000800212        0x2 /home/mpiuser/RIOT/examples/arduino_custom/bin/arduino-uno/application_arduino_custom.a(_sketches.o)
                0x0000000000800212                motion
 .bss._ZL6Serial
                0x0000000000800214       0x4a /home/mpiuser/RIOT/examples/arduino_custom/bin/arduino-uno/application_arduino_custom.a(_sketches.o)
 .bss._ZL6Serial
                0x000000000080025e       0x4a /home/mpiuser/RIOT/examples/arduino_custom/bin/arduino-uno/arduino.a(base.o)
 .bss.__in_isr  0x00000000008002a8        0x1 /home/mpiuser/RIOT/examples/arduino_custom/bin/arduino-uno/atmega_common.a(irq_arch.o)
                0x00000000008002a8                __in_isr
 .bss.isr_ctx   0x00000000008002a9        0x4 /home/mpiuser/RIOT/examples/arduino_custom/bin/arduino-uno/atmega_common_periph.a(uart.o)
 .bss.crashed   0x00000000008002ad        0x2 /home/mpiuser/RIOT/examples/arduino_custom/bin/arduino-uno/core.a(panic.o)
 .bss.runqueue_bitcache
                0x00000000008002af        0x4 /home/mpiuser/RIOT/examples/arduino_custom/bin/arduino-uno/core.a(sched.o)
 .bss.sched_runqueues
                0x00000000008002b3       0x20 /home/mpiuser/RIOT/examples/arduino_custom/bin/arduino-uno/core.a(sched.o)
                0x00000000008002b3                sched_runqueues
 .bss.sched_active_pid
                0x00000000008002d3        0x2 /home/mpiuser/RIOT/examples/arduino_custom/bin/arduino-uno/core.a(sched.o)
                0x00000000008002d3                sched_active_pid
 .bss.sched_active_thread
                0x00000000008002d5        0x2 /home/mpiuser/RIOT/examples/arduino_custom/bin/arduino-uno/core.a(sched.o)
                0x00000000008002d5                sched_active_thread
 .bss.sched_threads
                0x00000000008002d7       0x42 /home/mpiuser/RIOT/examples/arduino_custom/bin/arduino-uno/core.a(sched.o)
                0x00000000008002d7                sched_threads
 .bss.sched_context_switch_request
                0x0000000000800319        0x2 /home/mpiuser/RIOT/examples/arduino_custom/bin/arduino-uno/core.a(sched.o)
                0x0000000000800319                sched_context_switch_request
 .bss.sched_num_threads
                0x000000000080031b        0x2 /home/mpiuser/RIOT/examples/arduino_custom/bin/arduino-uno/core.a(sched.o)
                0x000000000080031b                sched_num_threads
 .bss.idle_stack
                0x000000000080031d       0x80 /home/mpiuser/RIOT/examples/arduino_custom/bin/arduino-uno/core.a(kernel_init.o)
 .bss.main_stack
                0x000000000080039d      0x280 /home/mpiuser/RIOT/examples/arduino_custom/bin/arduino-uno/core.a(kernel_init.o)
 .bss.long_list_head
                0x000000000080061d        0x2 /home/mpiuser/RIOT/examples/arduino_custom/bin/arduino-uno/xtimer.a(xtimer_core.o)
 .bss.overflow_list_head
                0x000000000080061f        0x2 /home/mpiuser/RIOT/examples/arduino_custom/bin/arduino-uno/xtimer.a(xtimer_core.o)
 .bss.timer_list_head
                0x0000000000800621        0x2 /home/mpiuser/RIOT/examples/arduino_custom/bin/arduino-uno/xtimer.a(xtimer_core.o)
 .bss._xtimer_high_cnt
                0x0000000000800623        0x4 /home/mpiuser/RIOT/examples/arduino_custom/bin/arduino-uno/xtimer.a(xtimer_core.o)
                0x0000000000800623                _xtimer_high_cnt
 .bss._long_cnt
                0x0000000000800627        0x4 /home/mpiuser/RIOT/examples/arduino_custom/bin/arduino-uno/xtimer.a(xtimer_core.o)
 .bss._in_handler
                0x000000000080062b        0x2 /home/mpiuser/RIOT/examples/arduino_custom/bin/arduino-uno/xtimer.a(xtimer_core.o)
 .bss._rx_buf_mem
                0x000000000080062d       0x40 /home/mpiuser/RIOT/examples/arduino_custom/bin/arduino-uno/stdio_uart.a(stdio_uart.o)
 *(COMMON)
 COMMON         0x000000000080066d        0x6 /opt/arduino/hardware/tools/avr/bin/../lib/gcc/avr/5.4.0/../../../../avr/lib/avr5/libc.a(iob.o)
                0x000000000080066d                __iob
                0x0000000000800673                PROVIDE (__bss_end, .)
                0x0000000000002420                __data_load_start = LOADADDR (.data)
                0x0000000000002530                __data_load_end = (__data_load_start + SIZEOF (.data))

.noinit         0x0000000000800673        0x2
                [!provide]                        PROVIDE (__noinit_start, .)
 *(.noinit*)
 .noinit        0x0000000000800673        0x2 /home/mpiuser/RIOT/examples/arduino_custom/bin/arduino-uno/atmega_common.a(cpu.o)
                0x0000000000800673                soft_rst
                0x0000000000800674                mcusr_mirror
                [!provide]                        PROVIDE (__noinit_end, .)
                0x0000000000800675                _end = .
                [!provide]                        PROVIDE (__heap_start, .)

.eeprom         0x0000000000810000        0x0
 *(.eeprom*)
                0x0000000000810000                __eeprom_end = .

.fuse
 *(.fuse)
 *(.lfuse)
 *(.hfuse)
 *(.efuse)

.lock
 *(.lock*)

.signature
 *(.signature*)

.user_signatures
 *(.user_signatures*)

.stab
 *(.stab)

.stabstr
 *(.stabstr)

.stab.excl
 *(.stab.excl)

.stab.exclstr
 *(.stab.exclstr)

.stab.index
 *(.stab.index)

.stab.indexstr
 *(.stab.indexstr)

.comment        0x0000000000000000       0x11
 *(.comment)
 .comment       0x0000000000000000       0x11 /home/mpiuser/RIOT/examples/arduino_custom/bin/arduino-uno/atmega_common/startup.o
                                         0x12 (size before relaxing)
 .comment       0x0000000000000011       0x12 /home/mpiuser/RIOT/examples/arduino_custom/bin/arduino-uno/application_arduino_custom.a(_sketches.o)
 .comment       0x0000000000000011       0x12 /home/mpiuser/RIOT/examples/arduino_custom/bin/arduino-uno/arduino.a(base.o)
 .comment       0x0000000000000011       0x12 /home/mpiuser/RIOT/examples/arduino_custom/bin/arduino-uno/arduino.a(serialport.o)
 .comment       0x0000000000000011       0x12 /home/mpiuser/RIOT/examples/arduino_custom/bin/arduino-uno/atmega_common.a(irq_arch.o)
 .comment       0x0000000000000011       0x12 /home/mpiuser/RIOT/examples/arduino_custom/bin/arduino-uno/atmega_common_periph.a(uart.o)
 .comment       0x0000000000000011       0x12 /home/mpiuser/RIOT/examples/arduino_custom/bin/arduino-uno/atmega_common_periph.a(gpio.o)
 .comment       0x0000000000000011       0x12 /home/mpiuser/RIOT/examples/arduino_custom/bin/arduino-uno/atmega_common_periph.a(timer.o)
 .comment       0x0000000000000011       0x12 /home/mpiuser/RIOT/examples/arduino_custom/bin/arduino-uno/boards_common_atmega.a(board.o)
 .comment       0x0000000000000011       0x12 /home/mpiuser/RIOT/examples/arduino_custom/bin/arduino-uno/core.a(panic.o)
 .comment       0x0000000000000011       0x12 /home/mpiuser/RIOT/examples/arduino_custom/bin/arduino-uno/core.a(sched.o)
 .comment       0x0000000000000011       0x12 /home/mpiuser/RIOT/examples/arduino_custom/bin/arduino-uno/core.a(ringbuffer.o)
 .comment       0x0000000000000011       0x12 /home/mpiuser/RIOT/examples/arduino_custom/bin/arduino-uno/core.a(kernel_init.o)
 .comment       0x0000000000000011       0x12 /home/mpiuser/RIOT/examples/arduino_custom/bin/arduino-uno/core.a(thread.o)
 .comment       0x0000000000000011       0x12 /home/mpiuser/RIOT/examples/arduino_custom/bin/arduino-uno/xtimer.a(xtimer_core.o)
 .comment       0x0000000000000011       0x12 /home/mpiuser/RIOT/examples/arduino_custom/bin/arduino-uno/xtimer.a(xtimer.o)
 .comment       0x0000000000000011       0x12 /home/mpiuser/RIOT/examples/arduino_custom/bin/arduino-uno/periph_common.a(pm.o)
 .comment       0x0000000000000011       0x12 /home/mpiuser/RIOT/examples/arduino_custom/bin/arduino-uno/atmega_common.a(cpu.o)
 .comment       0x0000000000000011       0x12 /home/mpiuser/RIOT/examples/arduino_custom/bin/arduino-uno/atmega_common.a(thread_arch.o)
 .comment       0x0000000000000011       0x12 /home/mpiuser/RIOT/examples/arduino_custom/bin/arduino-uno/auto_init.a(auto_init.o)
 .comment       0x0000000000000011       0x12 /home/mpiuser/RIOT/examples/arduino_custom/bin/arduino-uno/avr_libc_extra.a(atmega_stdio.o)
 .comment       0x0000000000000011       0x12 /home/mpiuser/RIOT/examples/arduino_custom/bin/arduino-uno/boards_common_arduino-atmega.a(led_init.o)
 .comment       0x0000000000000011       0x12 /home/mpiuser/RIOT/examples/arduino_custom/bin/arduino-uno/core.a(mutex.o)
 .comment       0x0000000000000011       0x12 /home/mpiuser/RIOT/examples/arduino_custom/bin/arduino-uno/stdio_uart.a(stdio_uart.o)
 .comment       0x0000000000000011       0x12 /home/mpiuser/RIOT/examples/arduino_custom/bin/arduino-uno/periph_common.a(init.o)
 .comment       0x0000000000000011       0x12 /home/mpiuser/RIOT/examples/arduino_custom/bin/arduino-uno/isrpipe.a(isrpipe.o)
 .comment       0x0000000000000011       0x12 /home/mpiuser/RIOT/examples/arduino_custom/bin/arduino-uno/tsrb.a(tsrb.o)
 .comment       0x0000000000000011       0x12 /opt/arduino/hardware/tools/avr/bin/../lib/gcc/avr/5.4.0/../../../../avr/lib/avr5/libc.a(iob.o)
 .comment       0x0000000000000011       0x12 /opt/arduino/hardware/tools/avr/bin/../lib/gcc/avr/5.4.0/../../../../avr/lib/avr5/libc.a(printf.o)
 .comment       0x0000000000000011       0x12 /opt/arduino/hardware/tools/avr/bin/../lib/gcc/avr/5.4.0/../../../../avr/lib/avr5/libc.a(puts.o)
 .comment       0x0000000000000011       0x12 /opt/arduino/hardware/tools/avr/bin/../lib/gcc/avr/5.4.0/../../../../avr/lib/avr5/libc.a(vfprintf_std.o)
 .comment       0x0000000000000011       0x12 /opt/arduino/hardware/tools/avr/bin/../lib/gcc/avr/5.4.0/../../../../avr/lib/avr5/libc.a(fputc.o)

.note.gnu.avr.deviceinfo
                0x0000000000000000       0x40
 .note.gnu.avr.deviceinfo
                0x0000000000000000       0x40 /opt/arduino/hardware/tools/avr/bin/../lib/gcc/avr/5.4.0/../../../../avr/lib/avr5/crtatmega328p.o

.note.gnu.build-id
 *(.note.gnu.build-id)

.debug
 *(.debug)

.line
 *(.line)

.debug_srcinfo
 *(.debug_srcinfo)

.debug_sfnames
 *(.debug_sfnames)

.debug_aranges  0x0000000000000000      0x878
 *(.debug_aranges)
 .debug_aranges
                0x0000000000000000       0x30 /home/mpiuser/RIOT/examples/arduino_custom/bin/arduino-uno/atmega_common/startup.o
 .debug_aranges
                0x0000000000000030       0x38 /home/mpiuser/RIOT/examples/arduino_custom/bin/arduino-uno/application_arduino_custom.a(_sketches.o)
 .debug_aranges
                0x0000000000000068       0x58 /home/mpiuser/RIOT/examples/arduino_custom/bin/arduino-uno/arduino.a(base.o)
 .debug_aranges
                0x00000000000000c0       0xc0 /home/mpiuser/RIOT/examples/arduino_custom/bin/arduino-uno/arduino.a(serialport.o)
 .debug_aranges
                0x0000000000000180       0x38 /home/mpiuser/RIOT/examples/arduino_custom/bin/arduino-uno/atmega_common.a(irq_arch.o)
 .debug_aranges
                0x00000000000001b8       0x38 /home/mpiuser/RIOT/examples/arduino_custom/bin/arduino-uno/atmega_common_periph.a(uart.o)
 .debug_aranges
                0x00000000000001f0       0x48 /home/mpiuser/RIOT/examples/arduino_custom/bin/arduino-uno/atmega_common_periph.a(gpio.o)
 .debug_aranges
                0x0000000000000238       0x60 /home/mpiuser/RIOT/examples/arduino_custom/bin/arduino-uno/atmega_common_periph.a(timer.o)
 .debug_aranges
                0x0000000000000298       0x20 /home/mpiuser/RIOT/examples/arduino_custom/bin/arduino-uno/boards_common_atmega.a(board.o)
 .debug_aranges
                0x00000000000002b8       0x28 /home/mpiuser/RIOT/examples/arduino_custom/bin/arduino-uno/core.a(panic.o)
 .debug_aranges
                0x00000000000002e0       0x38 /home/mpiuser/RIOT/examples/arduino_custom/bin/arduino-uno/core.a(sched.o)
 .debug_aranges
                0x0000000000000318       0x50 /home/mpiuser/RIOT/examples/arduino_custom/bin/arduino-uno/core.a(ringbuffer.o)
 .debug_aranges
                0x0000000000000368       0x30 /home/mpiuser/RIOT/examples/arduino_custom/bin/arduino-uno/core.a(kernel_init.o)
 .debug_aranges
                0x0000000000000398       0x60 /home/mpiuser/RIOT/examples/arduino_custom/bin/arduino-uno/core.a(thread.o)
 .debug_aranges
                0x00000000000003f8       0x80 /home/mpiuser/RIOT/examples/arduino_custom/bin/arduino-uno/xtimer.a(xtimer_core.o)
 .debug_aranges
                0x0000000000000478       0x98 /home/mpiuser/RIOT/examples/arduino_custom/bin/arduino-uno/xtimer.a(xtimer.o)
 .debug_aranges
                0x0000000000000510       0x28 /home/mpiuser/RIOT/examples/arduino_custom/bin/arduino-uno/periph_common.a(pm.o)
 .debug_aranges
                0x0000000000000538       0x38 /home/mpiuser/RIOT/examples/arduino_custom/bin/arduino-uno/atmega_common.a(cpu.o)
 .debug_aranges
                0x0000000000000570       0x48 /home/mpiuser/RIOT/examples/arduino_custom/bin/arduino-uno/atmega_common.a(thread_arch.o)
 .debug_aranges
                0x00000000000005b8       0x20 /home/mpiuser/RIOT/examples/arduino_custom/bin/arduino-uno/auto_init.a(auto_init.o)
 .debug_aranges
                0x00000000000005d8       0x30 /home/mpiuser/RIOT/examples/arduino_custom/bin/arduino-uno/avr_libc_extra.a(atmega_stdio.o)
 .debug_aranges
                0x0000000000000608       0x20 /home/mpiuser/RIOT/examples/arduino_custom/bin/arduino-uno/boards_common_arduino-atmega.a(led_init.o)
 .debug_aranges
                0x0000000000000628       0x30 /home/mpiuser/RIOT/examples/arduino_custom/bin/arduino-uno/core.a(mutex.o)
 .debug_aranges
                0x0000000000000658       0x30 /home/mpiuser/RIOT/examples/arduino_custom/bin/arduino-uno/stdio_uart.a(stdio_uart.o)
 .debug_aranges
                0x0000000000000688       0x20 /home/mpiuser/RIOT/examples/arduino_custom/bin/arduino-uno/periph_common.a(init.o)
 .debug_aranges
                0x00000000000006a8       0x48 /home/mpiuser/RIOT/examples/arduino_custom/bin/arduino-uno/isrpipe.a(isrpipe.o)
 .debug_aranges
                0x00000000000006f0       0x48 /home/mpiuser/RIOT/examples/arduino_custom/bin/arduino-uno/tsrb.a(tsrb.o)
 .debug_aranges
                0x0000000000000738       0x20 /opt/arduino/hardware/tools/avr/bin/../lib/gcc/avr/5.4.0/avr5/libgcc.a(_udivmodsi4.o)
 .debug_aranges
                0x0000000000000758       0x20 /opt/arduino/hardware/tools/avr/bin/../lib/gcc/avr/5.4.0/avr5/libgcc.a(_exit.o)
 .debug_aranges
                0x0000000000000778       0x20 /opt/arduino/hardware/tools/avr/bin/../lib/gcc/avr/5.4.0/avr5/libgcc.a(_copy_data.o)
 .debug_aranges
                0x0000000000000798       0x20 /opt/arduino/hardware/tools/avr/bin/../lib/gcc/avr/5.4.0/avr5/libgcc.a(_clear_bss.o)
 .debug_aranges
                0x00000000000007b8       0x20 /opt/arduino/hardware/tools/avr/bin/../lib/gcc/avr/5.4.0/avr5/libgcc.a(_ctors.o)
 .debug_aranges
                0x00000000000007d8       0x20 /opt/arduino/hardware/tools/avr/bin/../lib/gcc/avr/5.4.0/avr5/libgcc.a(_muluhisi3.o)
 .debug_aranges
                0x00000000000007f8       0x20 /opt/arduino/hardware/tools/avr/bin/../lib/gcc/avr/5.4.0/avr5/libgcc.a(_tablejump2.o)
 .debug_aranges
                0x0000000000000818       0x20 /opt/arduino/hardware/tools/avr/bin/../lib/gcc/avr/5.4.0/avr5/libgcc.a(_umulhisi3.o)
 .debug_aranges
                0x0000000000000838       0x20 /opt/arduino/hardware/tools/avr/bin/../lib/gcc/avr/5.4.0/avr5/libgcc.a(_prologue.o)
 .debug_aranges
                0x0000000000000858       0x20 /opt/arduino/hardware/tools/avr/bin/../lib/gcc/avr/5.4.0/avr5/libgcc.a(_epilogue.o)

.debug_pubnames
 *(.debug_pubnames)

.debug_info     0x0000000000000000     0xc267
 *(.debug_info .gnu.linkonce.wi.*)
 .debug_info    0x0000000000000000      0x5f4 /opt/arduino/hardware/tools/avr/bin/../lib/gcc/avr/5.4.0/../../../../avr/lib/avr5/crtatmega328p.o
 .debug_info    0x00000000000005f4      0x277 /home/mpiuser/RIOT/examples/arduino_custom/bin/arduino-uno/atmega_common/startup.o
 .debug_info    0x000000000000086b      0x8c2 /home/mpiuser/RIOT/examples/arduino_custom/bin/arduino-uno/application_arduino_custom.a(_sketches.o)
 .debug_info    0x000000000000112d      0xcbe /home/mpiuser/RIOT/examples/arduino_custom/bin/arduino-uno/arduino.a(base.o)
 .debug_info    0x0000000000001deb     0x10c5 /home/mpiuser/RIOT/examples/arduino_custom/bin/arduino-uno/arduino.a(serialport.o)
 .debug_info    0x0000000000002eb0      0x20c /home/mpiuser/RIOT/examples/arduino_custom/bin/arduino-uno/atmega_common.a(irq_arch.o)
 .debug_info    0x00000000000030bc      0x5e2 /home/mpiuser/RIOT/examples/arduino_custom/bin/arduino-uno/atmega_common_periph.a(uart.o)
 .debug_info    0x000000000000369e      0x69a /home/mpiuser/RIOT/examples/arduino_custom/bin/arduino-uno/atmega_common_periph.a(gpio.o)
 .debug_info    0x0000000000003d38      0x865 /home/mpiuser/RIOT/examples/arduino_custom/bin/arduino-uno/atmega_common_periph.a(timer.o)
 .debug_info    0x000000000000459d      0x2f6 /home/mpiuser/RIOT/examples/arduino_custom/bin/arduino-uno/boards_common_atmega.a(board.o)
 .debug_info    0x0000000000004893      0x28f /home/mpiuser/RIOT/examples/arduino_custom/bin/arduino-uno/core.a(panic.o)
 .debug_info    0x0000000000004b22      0x641 /home/mpiuser/RIOT/examples/arduino_custom/bin/arduino-uno/core.a(sched.o)
 .debug_info    0x0000000000005163      0x4f0 /home/mpiuser/RIOT/examples/arduino_custom/bin/arduino-uno/core.a(ringbuffer.o)
 .debug_info    0x0000000000005653      0x344 /home/mpiuser/RIOT/examples/arduino_custom/bin/arduino-uno/core.a(kernel_init.o)
 .debug_info    0x0000000000005997      0xa11 /home/mpiuser/RIOT/examples/arduino_custom/bin/arduino-uno/core.a(thread.o)
 .debug_info    0x00000000000063a8     0x1380 /home/mpiuser/RIOT/examples/arduino_custom/bin/arduino-uno/xtimer.a(xtimer_core.o)
 .debug_info    0x0000000000007728     0x1369 /home/mpiuser/RIOT/examples/arduino_custom/bin/arduino-uno/xtimer.a(xtimer.o)
 .debug_info    0x0000000000008a91      0x132 /home/mpiuser/RIOT/examples/arduino_custom/bin/arduino-uno/periph_common.a(pm.o)
 .debug_info    0x0000000000008bc3      0x59f /home/mpiuser/RIOT/examples/arduino_custom/bin/arduino-uno/atmega_common.a(cpu.o)
 .debug_info    0x0000000000009162      0x6dd /home/mpiuser/RIOT/examples/arduino_custom/bin/arduino-uno/atmega_common.a(thread_arch.o)
 .debug_info    0x000000000000983f      0x480 /home/mpiuser/RIOT/examples/arduino_custom/bin/arduino-uno/auto_init.a(auto_init.o)
 .debug_info    0x0000000000009cbf      0x434 /home/mpiuser/RIOT/examples/arduino_custom/bin/arduino-uno/avr_libc_extra.a(atmega_stdio.o)
 .debug_info    0x000000000000a0f3      0x270 /home/mpiuser/RIOT/examples/arduino_custom/bin/arduino-uno/boards_common_arduino-atmega.a(led_init.o)
 .debug_info    0x000000000000a363      0x673 /home/mpiuser/RIOT/examples/arduino_custom/bin/arduino-uno/core.a(mutex.o)
 .debug_info    0x000000000000a9d6      0x494 /home/mpiuser/RIOT/examples/arduino_custom/bin/arduino-uno/stdio_uart.a(stdio_uart.o)
 .debug_info    0x000000000000ae6a       0x40 /home/mpiuser/RIOT/examples/arduino_custom/bin/arduino-uno/periph_common.a(init.o)
 .debug_info    0x000000000000aeaa      0x92f /home/mpiuser/RIOT/examples/arduino_custom/bin/arduino-uno/isrpipe.a(isrpipe.o)
 .debug_info    0x000000000000b7d9      0x3e0 /home/mpiuser/RIOT/examples/arduino_custom/bin/arduino-uno/tsrb.a(tsrb.o)
 .debug_info    0x000000000000bbb9       0xab /opt/arduino/hardware/tools/avr/bin/../lib/gcc/avr/5.4.0/avr5/libgcc.a(_udivmodsi4.o)
 .debug_info    0x000000000000bc64       0xab /opt/arduino/hardware/tools/avr/bin/../lib/gcc/avr/5.4.0/avr5/libgcc.a(_exit.o)
 .debug_info    0x000000000000bd0f       0xab /opt/arduino/hardware/tools/avr/bin/../lib/gcc/avr/5.4.0/avr5/libgcc.a(_copy_data.o)
 .debug_info    0x000000000000bdba       0xab /opt/arduino/hardware/tools/avr/bin/../lib/gcc/avr/5.4.0/avr5/libgcc.a(_clear_bss.o)
 .debug_info    0x000000000000be65       0xab /opt/arduino/hardware/tools/avr/bin/../lib/gcc/avr/5.4.0/avr5/libgcc.a(_ctors.o)
 .debug_info    0x000000000000bf10       0xab /opt/arduino/hardware/tools/avr/bin/../lib/gcc/avr/5.4.0/avr5/libgcc.a(_muluhisi3.o)
 .debug_info    0x000000000000bfbb       0xab /opt/arduino/hardware/tools/avr/bin/../lib/gcc/avr/5.4.0/avr5/libgcc.a(_tablejump2.o)
 .debug_info    0x000000000000c066       0xab /opt/arduino/hardware/tools/avr/bin/../lib/gcc/avr/5.4.0/avr5/libgcc.a(_umulhisi3.o)
 .debug_info    0x000000000000c111       0xab /opt/arduino/hardware/tools/avr/bin/../lib/gcc/avr/5.4.0/avr5/libgcc.a(_prologue.o)
 .debug_info    0x000000000000c1bc       0xab /opt/arduino/hardware/tools/avr/bin/../lib/gcc/avr/5.4.0/avr5/libgcc.a(_epilogue.o)

.debug_abbrev   0x0000000000000000     0x407c
 *(.debug_abbrev)
 .debug_abbrev  0x0000000000000000      0x5a2 /opt/arduino/hardware/tools/avr/bin/../lib/gcc/avr/5.4.0/../../../../avr/lib/avr5/crtatmega328p.o
 .debug_abbrev  0x00000000000005a2      0x139 /home/mpiuser/RIOT/examples/arduino_custom/bin/arduino-uno/atmega_common/startup.o
 .debug_abbrev  0x00000000000006db      0x2d7 /home/mpiuser/RIOT/examples/arduino_custom/bin/arduino-uno/application_arduino_custom.a(_sketches.o)
 .debug_abbrev  0x00000000000009b2      0x387 /home/mpiuser/RIOT/examples/arduino_custom/bin/arduino-uno/arduino.a(base.o)
 .debug_abbrev  0x0000000000000d39      0x35d /home/mpiuser/RIOT/examples/arduino_custom/bin/arduino-uno/arduino.a(serialport.o)
 .debug_abbrev  0x0000000000001096      0x14e /home/mpiuser/RIOT/examples/arduino_custom/bin/arduino-uno/atmega_common.a(irq_arch.o)
 .debug_abbrev  0x00000000000011e4      0x28c /home/mpiuser/RIOT/examples/arduino_custom/bin/arduino-uno/atmega_common_periph.a(uart.o)
 .debug_abbrev  0x0000000000001470      0x225 /home/mpiuser/RIOT/examples/arduino_custom/bin/arduino-uno/atmega_common_periph.a(gpio.o)
 .debug_abbrev  0x0000000000001695      0x2d4 /home/mpiuser/RIOT/examples/arduino_custom/bin/arduino-uno/atmega_common_periph.a(timer.o)
 .debug_abbrev  0x0000000000001969      0x162 /home/mpiuser/RIOT/examples/arduino_custom/bin/arduino-uno/boards_common_atmega.a(board.o)
 .debug_abbrev  0x0000000000001acb      0x178 /home/mpiuser/RIOT/examples/arduino_custom/bin/arduino-uno/core.a(panic.o)
 .debug_abbrev  0x0000000000001c43      0x2a1 /home/mpiuser/RIOT/examples/arduino_custom/bin/arduino-uno/core.a(sched.o)
 .debug_abbrev  0x0000000000001ee4      0x1b4 /home/mpiuser/RIOT/examples/arduino_custom/bin/arduino-uno/core.a(ringbuffer.o)
 .debug_abbrev  0x0000000000002098      0x18c /home/mpiuser/RIOT/examples/arduino_custom/bin/arduino-uno/core.a(kernel_init.o)
 .debug_abbrev  0x0000000000002224      0x2c1 /home/mpiuser/RIOT/examples/arduino_custom/bin/arduino-uno/core.a(thread.o)
 .debug_abbrev  0x00000000000024e5      0x4f0 /home/mpiuser/RIOT/examples/arduino_custom/bin/arduino-uno/xtimer.a(xtimer_core.o)
 .debug_abbrev  0x00000000000029d5      0x3db /home/mpiuser/RIOT/examples/arduino_custom/bin/arduino-uno/xtimer.a(xtimer.o)
 .debug_abbrev  0x0000000000002db0       0xca /home/mpiuser/RIOT/examples/arduino_custom/bin/arduino-uno/periph_common.a(pm.o)
 .debug_abbrev  0x0000000000002e7a      0x215 /home/mpiuser/RIOT/examples/arduino_custom/bin/arduino-uno/atmega_common.a(cpu.o)
 .debug_abbrev  0x000000000000308f      0x28a /home/mpiuser/RIOT/examples/arduino_custom/bin/arduino-uno/atmega_common.a(thread_arch.o)
 .debug_abbrev  0x0000000000003319      0x15c /home/mpiuser/RIOT/examples/arduino_custom/bin/arduino-uno/auto_init.a(auto_init.o)
 .debug_abbrev  0x0000000000003475      0x1f3 /home/mpiuser/RIOT/examples/arduino_custom/bin/arduino-uno/avr_libc_extra.a(atmega_stdio.o)
 .debug_abbrev  0x0000000000003668      0x128 /home/mpiuser/RIOT/examples/arduino_custom/bin/arduino-uno/boards_common_arduino-atmega.a(led_init.o)
 .debug_abbrev  0x0000000000003790      0x229 /home/mpiuser/RIOT/examples/arduino_custom/bin/arduino-uno/core.a(mutex.o)
 .debug_abbrev  0x00000000000039b9      0x1ce /home/mpiuser/RIOT/examples/arduino_custom/bin/arduino-uno/stdio_uart.a(stdio_uart.o)
 .debug_abbrev  0x0000000000003b87       0x2f /home/mpiuser/RIOT/examples/arduino_custom/bin/arduino-uno/periph_common.a(init.o)
 .debug_abbrev  0x0000000000003bb6      0x271 /home/mpiuser/RIOT/examples/arduino_custom/bin/arduino-uno/isrpipe.a(isrpipe.o)
 .debug_abbrev  0x0000000000003e27      0x18d /home/mpiuser/RIOT/examples/arduino_custom/bin/arduino-uno/tsrb.a(tsrb.o)
 .debug_abbrev  0x0000000000003fb4       0x14 /opt/arduino/hardware/tools/avr/bin/../lib/gcc/avr/5.4.0/avr5/libgcc.a(_udivmodsi4.o)
 .debug_abbrev  0x0000000000003fc8       0x14 /opt/arduino/hardware/tools/avr/bin/../lib/gcc/avr/5.4.0/avr5/libgcc.a(_exit.o)
 .debug_abbrev  0x0000000000003fdc       0x14 /opt/arduino/hardware/tools/avr/bin/../lib/gcc/avr/5.4.0/avr5/libgcc.a(_copy_data.o)
 .debug_abbrev  0x0000000000003ff0       0x14 /opt/arduino/hardware/tools/avr/bin/../lib/gcc/avr/5.4.0/avr5/libgcc.a(_clear_bss.o)
 .debug_abbrev  0x0000000000004004       0x14 /opt/arduino/hardware/tools/avr/bin/../lib/gcc/avr/5.4.0/avr5/libgcc.a(_ctors.o)
 .debug_abbrev  0x0000000000004018       0x14 /opt/arduino/hardware/tools/avr/bin/../lib/gcc/avr/5.4.0/avr5/libgcc.a(_muluhisi3.o)
 .debug_abbrev  0x000000000000402c       0x14 /opt/arduino/hardware/tools/avr/bin/../lib/gcc/avr/5.4.0/avr5/libgcc.a(_tablejump2.o)
 .debug_abbrev  0x0000000000004040       0x14 /opt/arduino/hardware/tools/avr/bin/../lib/gcc/avr/5.4.0/avr5/libgcc.a(_umulhisi3.o)
 .debug_abbrev  0x0000000000004054       0x14 /opt/arduino/hardware/tools/avr/bin/../lib/gcc/avr/5.4.0/avr5/libgcc.a(_prologue.o)
 .debug_abbrev  0x0000000000004068       0x14 /opt/arduino/hardware/tools/avr/bin/../lib/gcc/avr/5.4.0/avr5/libgcc.a(_epilogue.o)

.debug_line     0x0000000000000000     0xad88
 *(.debug_line .debug_line.* .debug_line_end)
 .debug_line    0x0000000000000000       0x1a /opt/arduino/hardware/tools/avr/bin/../lib/gcc/avr/5.4.0/../../../../avr/lib/avr5/crtatmega328p.o
 .debug_line    0x000000000000001a      0x5df /home/mpiuser/RIOT/examples/arduino_custom/bin/arduino-uno/atmega_common/startup.o
 .debug_line    0x00000000000005f9      0x6bf /home/mpiuser/RIOT/examples/arduino_custom/bin/arduino-uno/application_arduino_custom.a(_sketches.o)
 .debug_line    0x0000000000000cb8      0x7e6 /home/mpiuser/RIOT/examples/arduino_custom/bin/arduino-uno/arduino.a(base.o)
 .debug_line    0x000000000000149e      0x860 /home/mpiuser/RIOT/examples/arduino_custom/bin/arduino-uno/arduino.a(serialport.o)
 .debug_line    0x0000000000001cfe      0x492 /home/mpiuser/RIOT/examples/arduino_custom/bin/arduino-uno/atmega_common.a(irq_arch.o)
 .debug_line    0x0000000000002190      0x634 /home/mpiuser/RIOT/examples/arduino_custom/bin/arduino-uno/atmega_common_periph.a(uart.o)
 .debug_line    0x00000000000027c4      0x667 /home/mpiuser/RIOT/examples/arduino_custom/bin/arduino-uno/atmega_common_periph.a(gpio.o)
 .debug_line    0x0000000000002e2b      0x753 /home/mpiuser/RIOT/examples/arduino_custom/bin/arduino-uno/atmega_common_periph.a(timer.o)
 .debug_line    0x000000000000357e      0x5c6 /home/mpiuser/RIOT/examples/arduino_custom/bin/arduino-uno/boards_common_atmega.a(board.o)
 .debug_line    0x0000000000003b44      0x503 /home/mpiuser/RIOT/examples/arduino_custom/bin/arduino-uno/core.a(panic.o)
 .debug_line    0x0000000000004047      0x577 /home/mpiuser/RIOT/examples/arduino_custom/bin/arduino-uno/core.a(sched.o)
 .debug_line    0x00000000000045be      0x338 /home/mpiuser/RIOT/examples/arduino_custom/bin/arduino-uno/core.a(ringbuffer.o)
 .debug_line    0x00000000000048f6      0x54f /home/mpiuser/RIOT/examples/arduino_custom/bin/arduino-uno/core.a(kernel_init.o)
 .debug_line    0x0000000000004e45      0x6cf /home/mpiuser/RIOT/examples/arduino_custom/bin/arduino-uno/core.a(thread.o)
 .debug_line    0x0000000000005514      0xc22 /home/mpiuser/RIOT/examples/arduino_custom/bin/arduino-uno/xtimer.a(xtimer_core.o)
 .debug_line    0x0000000000006136      0xa67 /home/mpiuser/RIOT/examples/arduino_custom/bin/arduino-uno/xtimer.a(xtimer.o)
 .debug_line    0x0000000000006b9d      0x4b9 /home/mpiuser/RIOT/examples/arduino_custom/bin/arduino-uno/periph_common.a(pm.o)
 .debug_line    0x0000000000007056      0x63b /home/mpiuser/RIOT/examples/arduino_custom/bin/arduino-uno/atmega_common.a(cpu.o)
 .debug_line    0x0000000000007691      0x723 /home/mpiuser/RIOT/examples/arduino_custom/bin/arduino-uno/atmega_common.a(thread_arch.o)
 .debug_line    0x0000000000007db4      0x66d /home/mpiuser/RIOT/examples/arduino_custom/bin/arduino-uno/auto_init.a(auto_init.o)
 .debug_line    0x0000000000008421      0x650 /home/mpiuser/RIOT/examples/arduino_custom/bin/arduino-uno/avr_libc_extra.a(atmega_stdio.o)
 .debug_line    0x0000000000008a71      0x5b3 /home/mpiuser/RIOT/examples/arduino_custom/bin/arduino-uno/boards_common_arduino-atmega.a(led_init.o)
 .debug_line    0x0000000000009024      0x53d /home/mpiuser/RIOT/examples/arduino_custom/bin/arduino-uno/core.a(mutex.o)
 .debug_line    0x0000000000009561      0x66c /home/mpiuser/RIOT/examples/arduino_custom/bin/arduino-uno/stdio_uart.a(stdio_uart.o)
 .debug_line    0x0000000000009bcd       0xb1 /home/mpiuser/RIOT/examples/arduino_custom/bin/arduino-uno/periph_common.a(init.o)
 .debug_line    0x0000000000009c7e      0x78f /home/mpiuser/RIOT/examples/arduino_custom/bin/arduino-uno/isrpipe.a(isrpipe.o)
 .debug_line    0x000000000000a40d      0x295 /home/mpiuser/RIOT/examples/arduino_custom/bin/arduino-uno/tsrb.a(tsrb.o)
 .debug_line    0x000000000000a6a2      0x122 /opt/arduino/hardware/tools/avr/bin/../lib/gcc/avr/5.4.0/avr5/libgcc.a(_udivmodsi4.o)
 .debug_line    0x000000000000a7c4       0x62 /opt/arduino/hardware/tools/avr/bin/../lib/gcc/avr/5.4.0/avr5/libgcc.a(_exit.o)
 .debug_line    0x000000000000a826       0x98 /opt/arduino/hardware/tools/avr/bin/../lib/gcc/avr/5.4.0/avr5/libgcc.a(_copy_data.o)
 .debug_line    0x000000000000a8be       0x86 /opt/arduino/hardware/tools/avr/bin/../lib/gcc/avr/5.4.0/avr5/libgcc.a(_clear_bss.o)
 .debug_line    0x000000000000a944       0x92 /opt/arduino/hardware/tools/avr/bin/../lib/gcc/avr/5.4.0/avr5/libgcc.a(_ctors.o)
 .debug_line    0x000000000000a9d6       0x92 /opt/arduino/hardware/tools/avr/bin/../lib/gcc/avr/5.4.0/avr5/libgcc.a(_muluhisi3.o)
 .debug_line    0x000000000000aa68       0x7a /opt/arduino/hardware/tools/avr/bin/../lib/gcc/avr/5.4.0/avr5/libgcc.a(_tablejump2.o)
 .debug_line    0x000000000000aae2       0xb0 /opt/arduino/hardware/tools/avr/bin/../lib/gcc/avr/5.4.0/avr5/libgcc.a(_umulhisi3.o)
 .debug_line    0x000000000000ab92       0xfe /opt/arduino/hardware/tools/avr/bin/../lib/gcc/avr/5.4.0/avr5/libgcc.a(_prologue.o)
 .debug_line    0x000000000000ac90       0xf8 /opt/arduino/hardware/tools/avr/bin/../lib/gcc/avr/5.4.0/avr5/libgcc.a(_epilogue.o)

.debug_frame    0x0000000000000000     0x1574
 *(.debug_frame)
 .debug_frame   0x0000000000000000       0x44 /home/mpiuser/RIOT/examples/arduino_custom/bin/arduino-uno/atmega_common/startup.o
 .debug_frame   0x0000000000000044       0x54 /home/mpiuser/RIOT/examples/arduino_custom/bin/arduino-uno/application_arduino_custom.a(_sketches.o)
 .debug_frame   0x0000000000000098       0xbc /home/mpiuser/RIOT/examples/arduino_custom/bin/arduino-uno/arduino.a(base.o)
 .debug_frame   0x0000000000000154      0x278 /home/mpiuser/RIOT/examples/arduino_custom/bin/arduino-uno/arduino.a(serialport.o)
 .debug_frame   0x00000000000003cc       0x60 /home/mpiuser/RIOT/examples/arduino_custom/bin/arduino-uno/atmega_common.a(irq_arch.o)
 .debug_frame   0x000000000000042c       0xc0 /home/mpiuser/RIOT/examples/arduino_custom/bin/arduino-uno/atmega_common_periph.a(uart.o)
 .debug_frame   0x00000000000004ec       0x7c /home/mpiuser/RIOT/examples/arduino_custom/bin/arduino-uno/atmega_common_periph.a(gpio.o)
 .debug_frame   0x0000000000000568      0x168 /home/mpiuser/RIOT/examples/arduino_custom/bin/arduino-uno/atmega_common_periph.a(timer.o)
 .debug_frame   0x00000000000006d0       0x24 /home/mpiuser/RIOT/examples/arduino_custom/bin/arduino-uno/boards_common_atmega.a(board.o)
 .debug_frame   0x00000000000006f4       0x58 /home/mpiuser/RIOT/examples/arduino_custom/bin/arduino-uno/core.a(panic.o)
 .debug_frame   0x000000000000074c       0x68 /home/mpiuser/RIOT/examples/arduino_custom/bin/arduino-uno/core.a(sched.o)
 .debug_frame   0x00000000000007b4       0xec /home/mpiuser/RIOT/examples/arduino_custom/bin/arduino-uno/core.a(ringbuffer.o)
 .debug_frame   0x00000000000008a0       0x50 /home/mpiuser/RIOT/examples/arduino_custom/bin/arduino-uno/core.a(kernel_init.o)
 .debug_frame   0x00000000000008f0      0x124 /home/mpiuser/RIOT/examples/arduino_custom/bin/arduino-uno/core.a(thread.o)
 .debug_frame   0x0000000000000a14      0x2d0 /home/mpiuser/RIOT/examples/arduino_custom/bin/arduino-uno/xtimer.a(xtimer_core.o)
 .debug_frame   0x0000000000000ce4      0x34c /home/mpiuser/RIOT/examples/arduino_custom/bin/arduino-uno/xtimer.a(xtimer.o)
 .debug_frame   0x0000000000001030       0x34 /home/mpiuser/RIOT/examples/arduino_custom/bin/arduino-uno/periph_common.a(pm.o)
 .debug_frame   0x0000000000001064       0x60 /home/mpiuser/RIOT/examples/arduino_custom/bin/arduino-uno/atmega_common.a(cpu.o)
 .debug_frame   0x00000000000010c4       0xcc /home/mpiuser/RIOT/examples/arduino_custom/bin/arduino-uno/atmega_common.a(thread_arch.o)
 .debug_frame   0x0000000000001190       0x24 /home/mpiuser/RIOT/examples/arduino_custom/bin/arduino-uno/auto_init.a(auto_init.o)
 .debug_frame   0x00000000000011b4       0x64 /home/mpiuser/RIOT/examples/arduino_custom/bin/arduino-uno/avr_libc_extra.a(atmega_stdio.o)
 .debug_frame   0x0000000000001218       0x24 /home/mpiuser/RIOT/examples/arduino_custom/bin/arduino-uno/boards_common_arduino-atmega.a(led_init.o)
 .debug_frame   0x000000000000123c       0x98 /home/mpiuser/RIOT/examples/arduino_custom/bin/arduino-uno/core.a(mutex.o)
 .debug_frame   0x00000000000012d4       0x5c /home/mpiuser/RIOT/examples/arduino_custom/bin/arduino-uno/stdio_uart.a(stdio_uart.o)
 .debug_frame   0x0000000000001330       0x24 /home/mpiuser/RIOT/examples/arduino_custom/bin/arduino-uno/periph_common.a(init.o)
 .debug_frame   0x0000000000001354      0x144 /home/mpiuser/RIOT/examples/arduino_custom/bin/arduino-uno/isrpipe.a(isrpipe.o)
 .debug_frame   0x0000000000001498       0xdc /home/mpiuser/RIOT/examples/arduino_custom/bin/arduino-uno/tsrb.a(tsrb.o)

.debug_str      0x0000000000000000     0xde08
 *(.debug_str)
 .debug_str     0x0000000000000000      0x208 /opt/arduino/hardware/tools/avr/bin/../lib/gcc/avr/5.4.0/../../../../avr/lib/avr5/crtatmega328p.o
 .debug_str     0x0000000000000208     0x911a /home/mpiuser/RIOT/examples/arduino_custom/bin/arduino-uno/atmega_common/startup.o
                                       0x9342 (size before relaxing)
 .debug_str     0x0000000000009322      0xa41 /home/mpiuser/RIOT/examples/arduino_custom/bin/arduino-uno/application_arduino_custom.a(_sketches.o)
                                       0x8c31 (size before relaxing)
 .debug_str     0x0000000000009d63      0x6c4 /home/mpiuser/RIOT/examples/arduino_custom/bin/arduino-uno/arduino.a(base.o)
                                       0x9279 (size before relaxing)
 .debug_str     0x000000000000a427      0x319 /home/mpiuser/RIOT/examples/arduino_custom/bin/arduino-uno/arduino.a(serialport.o)
                                       0x8731 (size before relaxing)
 .debug_str     0x000000000000a740       0xc7 /home/mpiuser/RIOT/examples/arduino_custom/bin/arduino-uno/atmega_common.a(irq_arch.o)
                                       0x88d9 (size before relaxing)
 .debug_str     0x000000000000a807      0x180 /home/mpiuser/RIOT/examples/arduino_custom/bin/arduino-uno/atmega_common_periph.a(uart.o)
                                       0x8ebf (size before relaxing)
 .debug_str     0x000000000000a987      0x146 /home/mpiuser/RIOT/examples/arduino_custom/bin/arduino-uno/atmega_common_periph.a(gpio.o)
                                       0x8e7a (size before relaxing)
 .debug_str     0x000000000000aacd      0x412 /home/mpiuser/RIOT/examples/arduino_custom/bin/arduino-uno/atmega_common_periph.a(timer.o)
                                       0x97c4 (size before relaxing)
 .debug_str     0x000000000000aedf      0x1b3 /home/mpiuser/RIOT/examples/arduino_custom/bin/arduino-uno/boards_common_atmega.a(board.o)
                                       0x946f (size before relaxing)
 .debug_str     0x000000000000b092      0x228 /home/mpiuser/RIOT/examples/arduino_custom/bin/arduino-uno/core.a(panic.o)
                                       0x8eb2 (size before relaxing)
 .debug_str     0x000000000000b2ba      0x1ea /home/mpiuser/RIOT/examples/arduino_custom/bin/arduino-uno/core.a(sched.o)
                                       0x8ac7 (size before relaxing)
 .debug_str     0x000000000000b4a4      0x110 /home/mpiuser/RIOT/examples/arduino_custom/bin/arduino-uno/core.a(ringbuffer.o)
                                       0x31e1 (size before relaxing)
 .debug_str     0x000000000000b5b4      0x53a /home/mpiuser/RIOT/examples/arduino_custom/bin/arduino-uno/core.a(kernel_init.o)
                                       0x926d (size before relaxing)
 .debug_str     0x000000000000baee      0x199 /home/mpiuser/RIOT/examples/arduino_custom/bin/arduino-uno/core.a(thread.o)
                                       0x8e64 (size before relaxing)
 .debug_str     0x000000000000bc87      0x308 /home/mpiuser/RIOT/examples/arduino_custom/bin/arduino-uno/xtimer.a(xtimer_core.o)
                                       0x9eab (size before relaxing)
 .debug_str     0x000000000000bf8f      0x281 /home/mpiuser/RIOT/examples/arduino_custom/bin/arduino-uno/xtimer.a(xtimer.o)
                                       0x9fc4 (size before relaxing)
 .debug_str     0x000000000000c210       0x76 /home/mpiuser/RIOT/examples/arduino_custom/bin/arduino-uno/periph_common.a(pm.o)
                                       0x8c07 (size before relaxing)
 .debug_str     0x000000000000c286     0x138a /home/mpiuser/RIOT/examples/arduino_custom/bin/arduino-uno/atmega_common.a(cpu.o)
                                       0xaa4d (size before relaxing)
 .debug_str     0x000000000000d610      0x101 /home/mpiuser/RIOT/examples/arduino_custom/bin/arduino-uno/atmega_common.a(thread_arch.o)
                                       0x962e (size before relaxing)
 .debug_str     0x000000000000d711       0x7b /home/mpiuser/RIOT/examples/arduino_custom/bin/arduino-uno/auto_init.a(auto_init.o)
                                       0x99c0 (size before relaxing)
 .debug_str     0x000000000000d78c      0x1c7 /home/mpiuser/RIOT/examples/arduino_custom/bin/arduino-uno/avr_libc_extra.a(atmega_stdio.o)
                                       0x947b (size before relaxing)
 .debug_str     0x000000000000d953       0x96 /home/mpiuser/RIOT/examples/arduino_custom/bin/arduino-uno/boards_common_arduino-atmega.a(led_init.o)
                                       0x936f (size before relaxing)
 .debug_str     0x000000000000d9e9       0xa8 /home/mpiuser/RIOT/examples/arduino_custom/bin/arduino-uno/core.a(mutex.o)
                                       0x88f7 (size before relaxing)
 .debug_str     0x000000000000da91      0x15d /home/mpiuser/RIOT/examples/arduino_custom/bin/arduino-uno/stdio_uart.a(stdio_uart.o)
                                       0x9724 (size before relaxing)
 .debug_str     0x000000000000dbee       0x7c /home/mpiuser/RIOT/examples/arduino_custom/bin/arduino-uno/periph_common.a(init.o)
                                       0x2dc5 (size before relaxing)
 .debug_str     0x000000000000dc6a       0xfc /home/mpiuser/RIOT/examples/arduino_custom/bin/arduino-uno/isrpipe.a(isrpipe.o)
                                       0x9d58 (size before relaxing)
 .debug_str     0x000000000000dd66       0xa2 /home/mpiuser/RIOT/examples/arduino_custom/bin/arduino-uno/tsrb.a(tsrb.o)
                                       0x33f8 (size before relaxing)

.debug_loc      0x0000000000000000     0x679f
 *(.debug_loc)
 .debug_loc     0x0000000000000000      0x3c1 /home/mpiuser/RIOT/examples/arduino_custom/bin/arduino-uno/arduino.a(base.o)
 .debug_loc     0x00000000000003c1      0xe0c /home/mpiuser/RIOT/examples/arduino_custom/bin/arduino-uno/arduino.a(serialport.o)
 .debug_loc     0x00000000000011cd       0x42 /home/mpiuser/RIOT/examples/arduino_custom/bin/arduino-uno/atmega_common.a(irq_arch.o)
 .debug_loc     0x000000000000120f      0x2d7 /home/mpiuser/RIOT/examples/arduino_custom/bin/arduino-uno/atmega_common_periph.a(uart.o)
 .debug_loc     0x00000000000014e6      0x386 /home/mpiuser/RIOT/examples/arduino_custom/bin/arduino-uno/atmega_common_periph.a(gpio.o)
 .debug_loc     0x000000000000186c      0x45d /home/mpiuser/RIOT/examples/arduino_custom/bin/arduino-uno/atmega_common_periph.a(timer.o)
 .debug_loc     0x0000000000001cc9       0x14 /home/mpiuser/RIOT/examples/arduino_custom/bin/arduino-uno/boards_common_atmega.a(board.o)
 .debug_loc     0x0000000000001cdd      0x126 /home/mpiuser/RIOT/examples/arduino_custom/bin/arduino-uno/core.a(panic.o)
 .debug_loc     0x0000000000001e03      0x27d /home/mpiuser/RIOT/examples/arduino_custom/bin/arduino-uno/core.a(sched.o)
 .debug_loc     0x0000000000002080      0x58e /home/mpiuser/RIOT/examples/arduino_custom/bin/arduino-uno/core.a(ringbuffer.o)
 .debug_loc     0x000000000000260e       0x62 /home/mpiuser/RIOT/examples/arduino_custom/bin/arduino-uno/core.a(kernel_init.o)
 .debug_loc     0x0000000000002670      0x854 /home/mpiuser/RIOT/examples/arduino_custom/bin/arduino-uno/core.a(thread.o)
 .debug_loc     0x0000000000002ec4     0x11d9 /home/mpiuser/RIOT/examples/arduino_custom/bin/arduino-uno/xtimer.a(xtimer_core.o)
 .debug_loc     0x000000000000409d     0x107f /home/mpiuser/RIOT/examples/arduino_custom/bin/arduino-uno/xtimer.a(xtimer.o)
 .debug_loc     0x000000000000511c       0x2f /home/mpiuser/RIOT/examples/arduino_custom/bin/arduino-uno/atmega_common.a(cpu.o)
 .debug_loc     0x000000000000514b      0x395 /home/mpiuser/RIOT/examples/arduino_custom/bin/arduino-uno/atmega_common.a(thread_arch.o)
 .debug_loc     0x00000000000054e0      0x108 /home/mpiuser/RIOT/examples/arduino_custom/bin/arduino-uno/avr_libc_extra.a(atmega_stdio.o)
 .debug_loc     0x00000000000055e8      0x385 /home/mpiuser/RIOT/examples/arduino_custom/bin/arduino-uno/core.a(mutex.o)
 .debug_loc     0x000000000000596d      0x148 /home/mpiuser/RIOT/examples/arduino_custom/bin/arduino-uno/stdio_uart.a(stdio_uart.o)
 .debug_loc     0x0000000000005ab5      0x821 /home/mpiuser/RIOT/examples/arduino_custom/bin/arduino-uno/isrpipe.a(isrpipe.o)
 .debug_loc     0x00000000000062d6      0x4c9 /home/mpiuser/RIOT/examples/arduino_custom/bin/arduino-uno/tsrb.a(tsrb.o)

.debug_macinfo
 *(.debug_macinfo)

.debug_weaknames
 *(.debug_weaknames)

.debug_funcnames
 *(.debug_funcnames)

.debug_typenames
 *(.debug_typenames)

.debug_varnames
 *(.debug_varnames)

.debug_pubtypes
 *(.debug_pubtypes)

.debug_ranges   0x0000000000000000      0x660
 *(.debug_ranges)
 .debug_ranges  0x0000000000000000       0x20 /home/mpiuser/RIOT/examples/arduino_custom/bin/arduino-uno/atmega_common/startup.o
 .debug_ranges  0x0000000000000020       0x28 /home/mpiuser/RIOT/examples/arduino_custom/bin/arduino-uno/application_arduino_custom.a(_sketches.o)
 .debug_ranges  0x0000000000000048       0x48 /home/mpiuser/RIOT/examples/arduino_custom/bin/arduino-uno/arduino.a(base.o)
 .debug_ranges  0x0000000000000090       0xc8 /home/mpiuser/RIOT/examples/arduino_custom/bin/arduino-uno/arduino.a(serialport.o)
 .debug_ranges  0x0000000000000158       0x28 /home/mpiuser/RIOT/examples/arduino_custom/bin/arduino-uno/atmega_common.a(irq_arch.o)
 .debug_ranges  0x0000000000000180       0x28 /home/mpiuser/RIOT/examples/arduino_custom/bin/arduino-uno/atmega_common_periph.a(uart.o)
 .debug_ranges  0x00000000000001a8       0x38 /home/mpiuser/RIOT/examples/arduino_custom/bin/arduino-uno/atmega_common_periph.a(gpio.o)
 .debug_ranges  0x00000000000001e0       0x50 /home/mpiuser/RIOT/examples/arduino_custom/bin/arduino-uno/atmega_common_periph.a(timer.o)
 .debug_ranges  0x0000000000000230       0x10 /home/mpiuser/RIOT/examples/arduino_custom/bin/arduino-uno/boards_common_atmega.a(board.o)
 .debug_ranges  0x0000000000000240       0x18 /home/mpiuser/RIOT/examples/arduino_custom/bin/arduino-uno/core.a(panic.o)
 .debug_ranges  0x0000000000000258       0x28 /home/mpiuser/RIOT/examples/arduino_custom/bin/arduino-uno/core.a(sched.o)
 .debug_ranges  0x0000000000000280       0x40 /home/mpiuser/RIOT/examples/arduino_custom/bin/arduino-uno/core.a(ringbuffer.o)
 .debug_ranges  0x00000000000002c0       0x20 /home/mpiuser/RIOT/examples/arduino_custom/bin/arduino-uno/core.a(kernel_init.o)
 .debug_ranges  0x00000000000002e0       0x50 /home/mpiuser/RIOT/examples/arduino_custom/bin/arduino-uno/core.a(thread.o)
 .debug_ranges  0x0000000000000330      0x118 /home/mpiuser/RIOT/examples/arduino_custom/bin/arduino-uno/xtimer.a(xtimer_core.o)
 .debug_ranges  0x0000000000000448       0xa0 /home/mpiuser/RIOT/examples/arduino_custom/bin/arduino-uno/xtimer.a(xtimer.o)
 .debug_ranges  0x00000000000004e8       0x18 /home/mpiuser/RIOT/examples/arduino_custom/bin/arduino-uno/periph_common.a(pm.o)
 .debug_ranges  0x0000000000000500       0x28 /home/mpiuser/RIOT/examples/arduino_custom/bin/arduino-uno/atmega_common.a(cpu.o)
 .debug_ranges  0x0000000000000528       0x38 /home/mpiuser/RIOT/examples/arduino_custom/bin/arduino-uno/atmega_common.a(thread_arch.o)
 .debug_ranges  0x0000000000000560       0x10 /home/mpiuser/RIOT/examples/arduino_custom/bin/arduino-uno/auto_init.a(auto_init.o)
 .debug_ranges  0x0000000000000570       0x20 /home/mpiuser/RIOT/examples/arduino_custom/bin/arduino-uno/avr_libc_extra.a(atmega_stdio.o)
 .debug_ranges  0x0000000000000590       0x10 /home/mpiuser/RIOT/examples/arduino_custom/bin/arduino-uno/boards_common_arduino-atmega.a(led_init.o)
 .debug_ranges  0x00000000000005a0       0x20 /home/mpiuser/RIOT/examples/arduino_custom/bin/arduino-uno/core.a(mutex.o)
 .debug_ranges  0x00000000000005c0       0x20 /home/mpiuser/RIOT/examples/arduino_custom/bin/arduino-uno/stdio_uart.a(stdio_uart.o)
 .debug_ranges  0x00000000000005e0       0x10 /home/mpiuser/RIOT/examples/arduino_custom/bin/arduino-uno/periph_common.a(init.o)
 .debug_ranges  0x00000000000005f0       0x38 /home/mpiuser/RIOT/examples/arduino_custom/bin/arduino-uno/isrpipe.a(isrpipe.o)
 .debug_ranges  0x0000000000000628       0x38 /home/mpiuser/RIOT/examples/arduino_custom/bin/arduino-uno/tsrb.a(tsrb.o)

.debug_macro    0x0000000000000000    0x18999
 *(.debug_macro)
 .debug_macro   0x0000000000000000      0x260 /home/mpiuser/RIOT/examples/arduino_custom/bin/arduino-uno/atmega_common/startup.o
 .debug_macro   0x0000000000000260      0xa42 /home/mpiuser/RIOT/examples/arduino_custom/bin/arduino-uno/atmega_common/startup.o
 .debug_macro   0x0000000000000ca2       0xb8 /home/mpiuser/RIOT/examples/arduino_custom/bin/arduino-uno/atmega_common/startup.o
 .debug_macro   0x0000000000000d5a      0x1c9 /home/mpiuser/RIOT/examples/arduino_custom/bin/arduino-uno/atmega_common/startup.o
 .debug_macro   0x0000000000000f23       0x10 /home/mpiuser/RIOT/examples/arduino_custom/bin/arduino-uno/atmega_common/startup.o
 .debug_macro   0x0000000000000f33      0x302 /home/mpiuser/RIOT/examples/arduino_custom/bin/arduino-uno/atmega_common/startup.o
 .debug_macro   0x0000000000001235       0x1c /home/mpiuser/RIOT/examples/arduino_custom/bin/arduino-uno/atmega_common/startup.o
 .debug_macro   0x0000000000001251       0x9e /home/mpiuser/RIOT/examples/arduino_custom/bin/arduino-uno/atmega_common/startup.o
 .debug_macro   0x00000000000012ef     0x1410 /home/mpiuser/RIOT/examples/arduino_custom/bin/arduino-uno/atmega_common/startup.o
 .debug_macro   0x00000000000026ff      0x13a /home/mpiuser/RIOT/examples/arduino_custom/bin/arduino-uno/atmega_common/startup.o
 .debug_macro   0x0000000000002839       0xbd /home/mpiuser/RIOT/examples/arduino_custom/bin/arduino-uno/atmega_common/startup.o
 .debug_macro   0x00000000000028f6       0x34 /home/mpiuser/RIOT/examples/arduino_custom/bin/arduino-uno/atmega_common/startup.o
 .debug_macro   0x000000000000292a       0x18 /home/mpiuser/RIOT/examples/arduino_custom/bin/arduino-uno/atmega_common/startup.o
 .debug_macro   0x0000000000002942       0x6c /home/mpiuser/RIOT/examples/arduino_custom/bin/arduino-uno/atmega_common/startup.o
 .debug_macro   0x00000000000029ae       0x63 /home/mpiuser/RIOT/examples/arduino_custom/bin/arduino-uno/atmega_common/startup.o
 .debug_macro   0x0000000000002a11       0x58 /home/mpiuser/RIOT/examples/arduino_custom/bin/arduino-uno/atmega_common/startup.o
 .debug_macro   0x0000000000002a69       0x10 /home/mpiuser/RIOT/examples/arduino_custom/bin/arduino-uno/atmega_common/startup.o
 .debug_macro   0x0000000000002a79       0x97 /home/mpiuser/RIOT/examples/arduino_custom/bin/arduino-uno/atmega_common/startup.o
 .debug_macro   0x0000000000002b10       0xf2 /home/mpiuser/RIOT/examples/arduino_custom/bin/arduino-uno/atmega_common/startup.o
 .debug_macro   0x0000000000002c02       0x81 /home/mpiuser/RIOT/examples/arduino_custom/bin/arduino-uno/atmega_common/startup.o
 .debug_macro   0x0000000000002c83       0x40 /home/mpiuser/RIOT/examples/arduino_custom/bin/arduino-uno/atmega_common/startup.o
 .debug_macro   0x0000000000002cc3       0x1c /home/mpiuser/RIOT/examples/arduino_custom/bin/arduino-uno/atmega_common/startup.o
 .debug_macro   0x0000000000002cdf       0xf6 /home/mpiuser/RIOT/examples/arduino_custom/bin/arduino-uno/atmega_common/startup.o
 .debug_macro   0x0000000000002dd5       0x2f /home/mpiuser/RIOT/examples/arduino_custom/bin/arduino-uno/atmega_common/startup.o
 .debug_macro   0x0000000000002e04       0xd6 /home/mpiuser/RIOT/examples/arduino_custom/bin/arduino-uno/atmega_common/startup.o
 .debug_macro   0x0000000000002eda       0xe8 /home/mpiuser/RIOT/examples/arduino_custom/bin/arduino-uno/atmega_common/startup.o
 .debug_macro   0x0000000000002fc2       0x28 /home/mpiuser/RIOT/examples/arduino_custom/bin/arduino-uno/atmega_common/startup.o
 .debug_macro   0x0000000000002fea       0x17 /home/mpiuser/RIOT/examples/arduino_custom/bin/arduino-uno/atmega_common/startup.o
 .debug_macro   0x0000000000003001       0x10 /home/mpiuser/RIOT/examples/arduino_custom/bin/arduino-uno/atmega_common/startup.o
 .debug_macro   0x0000000000003011       0x22 /home/mpiuser/RIOT/examples/arduino_custom/bin/arduino-uno/atmega_common/startup.o
 .debug_macro   0x0000000000003033       0x5f /home/mpiuser/RIOT/examples/arduino_custom/bin/arduino-uno/atmega_common/startup.o
 .debug_macro   0x0000000000003092       0x1c /home/mpiuser/RIOT/examples/arduino_custom/bin/arduino-uno/atmega_common/startup.o
 .debug_macro   0x00000000000030ae       0x53 /home/mpiuser/RIOT/examples/arduino_custom/bin/arduino-uno/atmega_common/startup.o
 .debug_macro   0x0000000000003101       0x22 /home/mpiuser/RIOT/examples/arduino_custom/bin/arduino-uno/atmega_common/startup.o
 .debug_macro   0x0000000000003123       0x84 /home/mpiuser/RIOT/examples/arduino_custom/bin/arduino-uno/atmega_common/startup.o
 .debug_macro   0x00000000000031a7       0x16 /home/mpiuser/RIOT/examples/arduino_custom/bin/arduino-uno/atmega_common/startup.o
 .debug_macro   0x00000000000031bd       0xd8 /home/mpiuser/RIOT/examples/arduino_custom/bin/arduino-uno/atmega_common/startup.o
 .debug_macro   0x0000000000003295       0x52 /home/mpiuser/RIOT/examples/arduino_custom/bin/arduino-uno/atmega_common/startup.o
 .debug_macro   0x00000000000032e7      0x2b3 /home/mpiuser/RIOT/examples/arduino_custom/bin/arduino-uno/application_arduino_custom.a(_sketches.o)
 .debug_macro   0x000000000000359a      0xa54 /home/mpiuser/RIOT/examples/arduino_custom/bin/arduino-uno/application_arduino_custom.a(_sketches.o)
 .debug_macro   0x0000000000003fee       0xe8 /home/mpiuser/RIOT/examples/arduino_custom/bin/arduino-uno/application_arduino_custom.a(_sketches.o)
 .debug_macro   0x00000000000040d6       0x1e /home/mpiuser/RIOT/examples/arduino_custom/bin/arduino-uno/application_arduino_custom.a(_sketches.o)
 .debug_macro   0x00000000000040f4       0x97 /home/mpiuser/RIOT/examples/arduino_custom/bin/arduino-uno/application_arduino_custom.a(_sketches.o)
 .debug_macro   0x000000000000418b       0xaa /home/mpiuser/RIOT/examples/arduino_custom/bin/arduino-uno/application_arduino_custom.a(_sketches.o)
 .debug_macro   0x0000000000004235       0x63 /home/mpiuser/RIOT/examples/arduino_custom/bin/arduino-uno/application_arduino_custom.a(_sketches.o)
 .debug_macro   0x0000000000004298       0xf6 /home/mpiuser/RIOT/examples/arduino_custom/bin/arduino-uno/application_arduino_custom.a(_sketches.o)
 .debug_macro   0x000000000000438e       0x28 /home/mpiuser/RIOT/examples/arduino_custom/bin/arduino-uno/application_arduino_custom.a(_sketches.o)
 .debug_macro   0x00000000000043b6       0x10 /home/mpiuser/RIOT/examples/arduino_custom/bin/arduino-uno/application_arduino_custom.a(_sketches.o)
 .debug_macro   0x00000000000043c6       0x10 /home/mpiuser/RIOT/examples/arduino_custom/bin/arduino-uno/application_arduino_custom.a(_sketches.o)
 .debug_macro   0x00000000000043d6      0x325 /home/mpiuser/RIOT/examples/arduino_custom/bin/arduino-uno/arduino.a(base.o)
 .debug_macro   0x00000000000046fb      0xa54 /home/mpiuser/RIOT/examples/arduino_custom/bin/arduino-uno/arduino.a(base.o)
 .debug_macro   0x000000000000514f       0x2e /home/mpiuser/RIOT/examples/arduino_custom/bin/arduino-uno/arduino.a(base.o)
 .debug_macro   0x000000000000517d      0x16d /home/mpiuser/RIOT/examples/arduino_custom/bin/arduino-uno/arduino.a(base.o)
 .debug_macro   0x00000000000052ea       0x16 /home/mpiuser/RIOT/examples/arduino_custom/bin/arduino-uno/arduino.a(base.o)
 .debug_macro   0x0000000000005300       0x35 /home/mpiuser/RIOT/examples/arduino_custom/bin/arduino-uno/arduino.a(base.o)
 .debug_macro   0x0000000000005335       0x43 /home/mpiuser/RIOT/examples/arduino_custom/bin/arduino-uno/arduino.a(base.o)
 .debug_macro   0x0000000000005378       0x16 /home/mpiuser/RIOT/examples/arduino_custom/bin/arduino-uno/arduino.a(base.o)
 .debug_macro   0x000000000000538e       0x10 /home/mpiuser/RIOT/examples/arduino_custom/bin/arduino-uno/arduino.a(base.o)
 .debug_macro   0x000000000000539e       0x10 /home/mpiuser/RIOT/examples/arduino_custom/bin/arduino-uno/arduino.a(base.o)
 .debug_macro   0x00000000000053ae       0x10 /home/mpiuser/RIOT/examples/arduino_custom/bin/arduino-uno/arduino.a(base.o)
 .debug_macro   0x00000000000053be      0x261 /home/mpiuser/RIOT/examples/arduino_custom/bin/arduino-uno/arduino.a(serialport.o)
 .debug_macro   0x000000000000561f      0xa54 /home/mpiuser/RIOT/examples/arduino_custom/bin/arduino-uno/arduino.a(serialport.o)
 .debug_macro   0x0000000000006073       0x16 /home/mpiuser/RIOT/examples/arduino_custom/bin/arduino-uno/arduino.a(serialport.o)
 .debug_macro   0x0000000000006089       0x16 /home/mpiuser/RIOT/examples/arduino_custom/bin/arduino-uno/arduino.a(serialport.o)
 .debug_macro   0x000000000000609f       0x20 /home/mpiuser/RIOT/examples/arduino_custom/bin/arduino-uno/arduino.a(serialport.o)
 .debug_macro   0x00000000000060bf       0x12 /home/mpiuser/RIOT/examples/arduino_custom/bin/arduino-uno/arduino.a(serialport.o)
 .debug_macro   0x00000000000060d1      0x1e1 /home/mpiuser/RIOT/examples/arduino_custom/bin/arduino-uno/atmega_common.a(irq_arch.o)
 .debug_macro   0x00000000000062b2      0xa42 /home/mpiuser/RIOT/examples/arduino_custom/bin/arduino-uno/atmega_common.a(irq_arch.o)
 .debug_macro   0x0000000000006cf4      0x249 /home/mpiuser/RIOT/examples/arduino_custom/bin/arduino-uno/atmega_common_periph.a(uart.o)
 .debug_macro   0x0000000000006f3d      0xa42 /home/mpiuser/RIOT/examples/arduino_custom/bin/arduino-uno/atmega_common_periph.a(uart.o)
 .debug_macro   0x000000000000797f      0x2fc /home/mpiuser/RIOT/examples/arduino_custom/bin/arduino-uno/atmega_common_periph.a(uart.o)
 .debug_macro   0x0000000000007c7b      0x248 /home/mpiuser/RIOT/examples/arduino_custom/bin/arduino-uno/atmega_common_periph.a(gpio.o)
 .debug_macro   0x0000000000007ec3      0xa42 /home/mpiuser/RIOT/examples/arduino_custom/bin/arduino-uno/atmega_common_periph.a(gpio.o)
 .debug_macro   0x0000000000008905      0x29e /home/mpiuser/RIOT/examples/arduino_custom/bin/arduino-uno/atmega_common_periph.a(timer.o)
 .debug_macro   0x0000000000008ba3      0xa42 /home/mpiuser/RIOT/examples/arduino_custom/bin/arduino-uno/atmega_common_periph.a(timer.o)
 .debug_macro   0x00000000000095e5       0x1c /home/mpiuser/RIOT/examples/arduino_custom/bin/arduino-uno/atmega_common_periph.a(timer.o)
 .debug_macro   0x0000000000009601      0x261 /home/mpiuser/RIOT/examples/arduino_custom/bin/arduino-uno/boards_common_atmega.a(board.o)
 .debug_macro   0x0000000000009862      0xa42 /home/mpiuser/RIOT/examples/arduino_custom/bin/arduino-uno/boards_common_atmega.a(board.o)
 .debug_macro   0x000000000000a2a4      0x249 /home/mpiuser/RIOT/examples/arduino_custom/bin/arduino-uno/core.a(panic.o)
 .debug_macro   0x000000000000a4ed      0xa42 /home/mpiuser/RIOT/examples/arduino_custom/bin/arduino-uno/core.a(panic.o)
 .debug_macro   0x000000000000af2f       0x20 /home/mpiuser/RIOT/examples/arduino_custom/bin/arduino-uno/core.a(panic.o)
 .debug_macro   0x000000000000af4f       0x34 /home/mpiuser/RIOT/examples/arduino_custom/bin/arduino-uno/core.a(panic.o)
 .debug_macro   0x000000000000af83      0x1fa /home/mpiuser/RIOT/examples/arduino_custom/bin/arduino-uno/core.a(sched.o)
 .debug_macro   0x000000000000b17d      0xa42 /home/mpiuser/RIOT/examples/arduino_custom/bin/arduino-uno/core.a(sched.o)
 .debug_macro   0x000000000000bbbf      0x16d /home/mpiuser/RIOT/examples/arduino_custom/bin/arduino-uno/core.a(sched.o)
 .debug_macro   0x000000000000bd2c       0x2e /home/mpiuser/RIOT/examples/arduino_custom/bin/arduino-uno/core.a(sched.o)
 .debug_macro   0x000000000000bd5a       0x35 /home/mpiuser/RIOT/examples/arduino_custom/bin/arduino-uno/core.a(sched.o)
 .debug_macro   0x000000000000bd8f       0x3a /home/mpiuser/RIOT/examples/arduino_custom/bin/arduino-uno/core.a(ringbuffer.o)
 .debug_macro   0x000000000000bdc9      0xa42 /home/mpiuser/RIOT/examples/arduino_custom/bin/arduino-uno/core.a(ringbuffer.o)
 .debug_macro   0x000000000000c80b      0x250 /home/mpiuser/RIOT/examples/arduino_custom/bin/arduino-uno/core.a(kernel_init.o)
 .debug_macro   0x000000000000ca5b      0xa42 /home/mpiuser/RIOT/examples/arduino_custom/bin/arduino-uno/core.a(kernel_init.o)
 .debug_macro   0x000000000000d49d      0x207 /home/mpiuser/RIOT/examples/arduino_custom/bin/arduino-uno/core.a(kernel_init.o)
 .debug_macro   0x000000000000d6a4       0xdc /home/mpiuser/RIOT/examples/arduino_custom/bin/arduino-uno/core.a(kernel_init.o)
 .debug_macro   0x000000000000d780       0x69 /home/mpiuser/RIOT/examples/arduino_custom/bin/arduino-uno/core.a(kernel_init.o)
 .debug_macro   0x000000000000d7e9      0x1f4 /home/mpiuser/RIOT/examples/arduino_custom/bin/arduino-uno/core.a(thread.o)
 .debug_macro   0x000000000000d9dd      0xa42 /home/mpiuser/RIOT/examples/arduino_custom/bin/arduino-uno/core.a(thread.o)
 .debug_macro   0x000000000000e41f      0x2fb /home/mpiuser/RIOT/examples/arduino_custom/bin/arduino-uno/xtimer.a(xtimer_core.o)
 .debug_macro   0x000000000000e71a      0xa42 /home/mpiuser/RIOT/examples/arduino_custom/bin/arduino-uno/xtimer.a(xtimer_core.o)
 .debug_macro   0x000000000000f15c       0x34 /home/mpiuser/RIOT/examples/arduino_custom/bin/arduino-uno/xtimer.a(xtimer_core.o)
 .debug_macro   0x000000000000f190       0x16 /home/mpiuser/RIOT/examples/arduino_custom/bin/arduino-uno/xtimer.a(xtimer_core.o)
 .debug_macro   0x000000000000f1a6      0x30a /home/mpiuser/RIOT/examples/arduino_custom/bin/arduino-uno/xtimer.a(xtimer.o)
 .debug_macro   0x000000000000f4b0      0xa42 /home/mpiuser/RIOT/examples/arduino_custom/bin/arduino-uno/xtimer.a(xtimer.o)
 .debug_macro   0x000000000000fef2       0x1c /home/mpiuser/RIOT/examples/arduino_custom/bin/arduino-uno/xtimer.a(xtimer.o)